<html>
<body>
<pre>
<h1>µVision Build Log</h1>
<h2>Tool Versions:</h2>
IDE-Version: ¦ÌVision V5.36.0.0
Copyright (C) 2021 ARM Ltd and ARM Germany GmbH. All rights reserved.
License Information: 1 Lenovo, 1, LIC=LSNXV-PMMDJ-56VQ2-9XH8W-EDBAF-X6KIX
 
Tool Versions:
Toolchain:       MDK-ARM Plus  Version: 5.36.0.0
Toolchain Path:  D:\Keil5\ARM\ARMCC\Bin
C Compiler:      Armcc.exe V5.06 update 7 (build 960)
Assembler:       Armasm.exe V5.06 update 7 (build 960)
Linker/Locator:  ArmLink.exe V5.06 update 7 (build 960)
Library Manager: ArmAr.exe V5.06 update 7 (build 960)
Hex Converter:   FromElf.exe V5.06 update 7 (build 960)
CPU DLL:         SARMCM3.DLL V5.36.0.0
Dialog DLL:      DCM.DLL V1.17.3.0
Target DLL:      STLink\ST-LINKIII-KEIL_SWO.dll V3.0.9.0
Dialog DLL:      TCM.DLL V1.53.0.0
 
<h2>Project:</h2>
D:\SINAN project\Code\sinan_project\MDK-ARM\sinan_project.uvprojx
Project File Date:  04/22/2025

<h2>Output:</h2>
*** Using Compiler 'V5.06 update 7 (build 960)', folder: 'D:\Keil5\ARM\ARMCC\Bin'
Rebuild target 'sinan_project'
assembling startup_stm32h743xx.s...
compiling stm32h7xx_hal.c...
compiling stm32h7xx_hal_exti.c...
compiling tim.c...
..\User\3-HDL(Hardwware Driver Layer)\inc\imu.h(96): warning:  #1-D: last line of file ends without a newline
  #endif
..\User\1-APL(Application Layer)\inc\INS.h(53): warning:  #1-D: last line of file ends without a newline
  #endif
..\User\1-APL(Application Layer)\inc\UWB.h(31): warning:  #1-D: last line of file ends without a newline
  #endif
..\User\1-APL(Application Layer)\inc\Callback_Uart.h(15): warning:  #1-D: last line of file ends without a newline
  #endif
..\User\1-APL(Application Layer)\inc\VOFA.h(11): warning:  #1-D: last line of file ends without a newline
  #endif
../Core/Src/tim.c: 5 warnings, 0 errors
compiling stm32h7xx_hal_pwr.c...
compiling stm32h7xx_hal_hsem.c...
compiling stm32h7xx_hal_i2c_ex.c...
compiling stm32h7xx_hal_msp.c...
..\User\3-HDL(Hardwware Driver Layer)\inc\imu.h(96): warning:  #1-D: last line of file ends without a newline
  #endif
..\User\1-APL(Application Layer)\inc\INS.h(53): warning:  #1-D: last line of file ends without a newline
  #endif
..\User\1-APL(Application Layer)\inc\UWB.h(31): warning:  #1-D: last line of file ends without a newline
  #endif
..\User\1-APL(Application Layer)\inc\Callback_Uart.h(15): warning:  #1-D: last line of file ends without a newline
  #endif
..\User\1-APL(Application Layer)\inc\VOFA.h(11): warning:  #1-D: last line of file ends without a newline
  #endif
../Core/Src/stm32h7xx_hal_msp.c: 5 warnings, 0 errors
compiling usart.c...
..\User\3-HDL(Hardwware Driver Layer)\inc\imu.h(96): warning:  #1-D: last line of file ends without a newline
  #endif
..\User\1-APL(Application Layer)\inc\INS.h(53): warning:  #1-D: last line of file ends without a newline
  #endif
..\User\1-APL(Application Layer)\inc\UWB.h(31): warning:  #1-D: last line of file ends without a newline
  #endif
..\User\1-APL(Application Layer)\inc\Callback_Uart.h(15): warning:  #1-D: last line of file ends without a newline
  #endif
..\User\1-APL(Application Layer)\inc\VOFA.h(11): warning:  #1-D: last line of file ends without a newline
  #endif
../Core/Src/usart.c: 5 warnings, 0 errors
compiling stm32h7xx_hal_spi_ex.c...
compiling stm32h7xx_hal_dma_ex.c...
compiling stm32h7xx_hal_rcc.c...
compiling system_stm32h7xx.c...
compiling stm32h7xx_hal_flash.c...
compiling i2c.c...
..\User\3-HDL(Hardwware Driver Layer)\inc\imu.h(96): warning:  #1-D: last line of file ends without a newline
  #endif
..\User\1-APL(Application Layer)\inc\INS.h(53): warning:  #1-D: last line of file ends without a newline
  #endif
..\User\1-APL(Application Layer)\inc\UWB.h(31): warning:  #1-D: last line of file ends without a newline
  #endif
..\User\1-APL(Application Layer)\inc\Callback_Uart.h(15): warning:  #1-D: last line of file ends without a newline
  #endif
..\User\1-APL(Application Layer)\inc\VOFA.h(11): warning:  #1-D: last line of file ends without a newline
  #endif
../Core/Src/i2c.c: 5 warnings, 0 errors
compiling stm32h7xx_hal_uart_ex.c...
compiling stm32h7xx_hal_i2c.c...
compiling BasicMathFunctions.c...
D:\Keil5\ARM\CMSIS\5.8.0\CMSIS\DSP\Source\BasicMathFunctions\BasicMathFunctions.c(79): warning:  #1-D: last line of file ends without a newline
  #include "arm_clip_q7.c"
D:\Keil5\ARM\CMSIS\5.8.0\CMSIS\DSP\Source\BasicMathFunctions\BasicMathFunctions.c: 1 warning, 0 errors
compiling stm32h7xx_hal_pwr_ex.c...
compiling stm32h7xx_hal_flash_ex.c...
compiling stm32h7xx_hal_dma.c...
compiling stm32h7xx_it.c...
..\User\3-HDL(Hardwware Driver Layer)\inc\imu.h(96): warning:  #1-D: last line of file ends without a newline
  #endif
..\User\1-APL(Application Layer)\inc\INS.h(53): warning:  #1-D: last line of file ends without a newline
  #endif
..\User\1-APL(Application Layer)\inc\UWB.h(31): warning:  #1-D: last line of file ends without a newline
  #endif
..\User\1-APL(Application Layer)\inc\Callback_Uart.h(15): warning:  #1-D: last line of file ends without a newline
  #endif
..\User\1-APL(Application Layer)\inc\VOFA.h(11): warning:  #1-D: last line of file ends without a newline
  #endif
../Core/Src/stm32h7xx_it.c: 5 warnings, 0 errors
compiling stm32h7xx_hal_cortex.c...
compiling gpio.c...
..\User\3-HDL(Hardwware Driver Layer)\inc\imu.h(96): warning:  #1-D: last line of file ends without a newline
  #endif
..\User\1-APL(Application Layer)\inc\INS.h(53): warning:  #1-D: last line of file ends without a newline
  #endif
..\User\1-APL(Application Layer)\inc\UWB.h(31): warning:  #1-D: last line of file ends without a newline
  #endif
..\User\1-APL(Application Layer)\inc\Callback_Uart.h(15): warning:  #1-D: last line of file ends without a newline
  #endif
..\User\1-APL(Application Layer)\inc\VOFA.h(11): warning:  #1-D: last line of file ends without a newline
  #endif
../Core/Src/gpio.c: 5 warnings, 0 errors
compiling spi.c...
..\User\3-HDL(Hardwware Driver Layer)\inc\imu.h(96): warning:  #1-D: last line of file ends without a newline
  #endif
..\User\1-APL(Application Layer)\inc\INS.h(53): warning:  #1-D: last line of file ends without a newline
  #endif
..\User\1-APL(Application Layer)\inc\UWB.h(31): warning:  #1-D: last line of file ends without a newline
  #endif
..\User\1-APL(Application Layer)\inc\Callback_Uart.h(15): warning:  #1-D: last line of file ends without a newline
  #endif
..\User\1-APL(Application Layer)\inc\VOFA.h(11): warning:  #1-D: last line of file ends without a newline
  #endif
../Core/Src/spi.c: 5 warnings, 0 errors
compiling stm32h7xx_hal_spi.c...
compiling BasicMathFunctionsF16.c...
compiling stm32h7xx_hal_tim_ex.c...
compiling BayesFunctions.c...
compiling main.c...
..\User\3-HDL(Hardwware Driver Layer)\inc\imu.h(96): warning:  #1-D: last line of file ends without a newline
  #endif
..\User\1-APL(Application Layer)\inc\INS.h(53): warning:  #1-D: last line of file ends without a newline
  #endif
..\User\1-APL(Application Layer)\inc\UWB.h(31): warning:  #1-D: last line of file ends without a newline
  #endif
..\User\1-APL(Application Layer)\inc\Callback_Uart.h(15): warning:  #1-D: last line of file ends without a newline
  #endif
..\User\1-APL(Application Layer)\inc\VOFA.h(11): warning:  #1-D: last line of file ends without a newline
  #endif
../Core/Src/main.c: 5 warnings, 0 errors
compiling stm32h7xx_hal_gpio.c...
compiling CommonTablesF16.c...
compiling stm32h7xx_hal_rcc_ex.c...
compiling ComplexMathFunctions.c...
compiling stm32h7xx_hal_mdma.c...
compiling stm32h7xx_hal_uart.c...
compiling BayesFunctionsF16.c...
compiling ComplexMathFunctionsF16.c...
D:\Keil5\ARM\CMSIS\5.8.0\CMSIS\DSP\Source\ComplexMathFunctions\arm_cmplx_conj_f16.c(185): warning:  #1-D: last line of file ends without a newline
  #endif /* #if defined(ARM_FLOAT16_SUPPORTED) */
D:\Keil5\ARM\CMSIS\5.8.0\CMSIS\DSP\Source\ComplexMathFunctions\arm_cmplx_dot_prod_f16.c(288): warning:  #1-D: last line of file ends without a newline
  #endif /* #if defined(ARM_FLOAT16_SUPPORTED) */
D:\Keil5\ARM\CMSIS\5.8.0\CMSIS\DSP\Source\ComplexMathFunctions\arm_cmplx_mag_f16.c(241): warning:  #1-D: last line of file ends without a newline
  #endif /* #if defined(ARM_FLOAT16_SUPPORTED) */
D:\Keil5\ARM\CMSIS\5.8.0\CMSIS\DSP\Source\ComplexMathFunctions\arm_cmplx_mag_squared_f16.c(174): warning:  #1-D: last line of file ends without a newline
  #endif /* #if defined(ARM_FLOAT16_SUPPORTED) */
D:\Keil5\ARM\CMSIS\5.8.0\CMSIS\DSP\Source\ComplexMathFunctions\arm_cmplx_mult_cmplx_f16.c(271): warning:  #1-D: last line of file ends without a newline
  #endif /* #if defined(ARM_FLOAT16_SUPPORTED) */
D:\Keil5\ARM\CMSIS\5.8.0\CMSIS\DSP\Source\ComplexMathFunctions\arm_cmplx_mult_real_f16.c(194): warning:  #1-D: last line of file ends without a newline
  #endif /* #if defined(ARM_FLOAT16_SUPPORTED) */
D:\Keil5\ARM\CMSIS\5.8.0\CMSIS\DSP\Source\ComplexMathFunctions\ComplexMathFunctionsF16.c: 6 warnings, 0 errors
compiling ControllerFunctions.c...
D:\Keil5\ARM\CMSIS\5.8.0\CMSIS\DSP\Source\ControllerFunctions\ControllerFunctions.c(46): warning:  #1-D: last line of file ends without a newline
  #endif
D:\Keil5\ARM\CMSIS\5.8.0\CMSIS\DSP\Source\ControllerFunctions\ControllerFunctions.c: 1 warning, 0 errors
compiling dma.c...
..\User\3-HDL(Hardwware Driver Layer)\inc\imu.h(96): warning:  #1-D: last line of file ends without a newline
  #endif
..\User\1-APL(Application Layer)\inc\INS.h(53): warning:  #1-D: last line of file ends without a newline
  #endif
..\User\1-APL(Application Layer)\inc\UWB.h(31): warning:  #1-D: last line of file ends without a newline
  #endif
..\User\1-APL(Application Layer)\inc\Callback_Uart.h(15): warning:  #1-D: last line of file ends without a newline
  #endif
..\User\1-APL(Application Layer)\inc\VOFA.h(11): warning:  #1-D: last line of file ends without a newline
  #endif
../Core/Src/dma.c: 5 warnings, 0 errors
compiling FastMathFunctionsF16.c...
compiling FastMathFunctions.c...
compiling CommonTables.c...
compiling DistanceFunctionsF16.c...
compiling MatrixFunctionsF16.c...
compiling DistanceFunctions.c...
compiling SVMFunctionsF16.c...
compiling InterpolationFunctions.c...
compiling InterpolationFunctionsF16.c...
compiling QuaternionMathFunctions.c...
D:\Keil5\ARM\CMSIS\5.8.0\CMSIS\DSP\Source\QuaternionMathFunctions\arm_rotation2quaternion_f32.c(183): warning:  #1035-D: single-precision operand implicitly converted to double-precision
          doubler = sqrtf(trace + 1.0) * 2; // invs=4*qw
D:\Keil5\ARM\CMSIS\5.8.0\CMSIS\DSP\Source\QuaternionMathFunctions\arm_rotation2quaternion_f32.c(184): warning:  #1035-D: single-precision operand implicitly converted to double-precision
          s = 1.0 / doubler;
D:\Keil5\ARM\CMSIS\5.8.0\CMSIS\DSP\Source\QuaternionMathFunctions\arm_rotation2quaternion_f32.c(185): warning:  #1035-D: single-precision operand implicitly converted to double-precision
          q[0] = 0.25 * doubler;
D:\Keil5\ARM\CMSIS\5.8.0\CMSIS\DSP\Source\QuaternionMathFunctions\arm_rotation2quaternion_f32.c(192): warning:  #1035-D: single-precision operand implicitly converted to double-precision
          doubler = sqrtf(1.0 + RI(0,0) - RI(1,1) - RI(2,2)) * 2; // invs=4*qx
D:\Keil5\ARM\CMSIS\5.8.0\CMSIS\DSP\Source\QuaternionMathFunctions\arm_rotation2quaternion_f32.c(193): warning:  #1035-D: single-precision operand implicitly converted to double-precision
          s = 1.0 / doubler;
D:\Keil5\ARM\CMSIS\5.8.0\CMSIS\DSP\Source\QuaternionMathFunctions\arm_rotation2quaternion_f32.c(195): warning:  #1035-D: single-precision operand implicitly converted to double-precision
          q[1] = 0.25 * doubler;
D:\Keil5\ARM\CMSIS\5.8.0\CMSIS\DSP\Source\QuaternionMathFunctions\arm_rotation2quaternion_f32.c(201): warning:  #1035-D: single-precision operand implicitly converted to double-precision
          doubler = sqrtf(1.0 + RI(1,1) - RI(0,0) - RI(2,2)) * 2; // invs=4*qy
D:\Keil5\ARM\CMSIS\5.8.0\CMSIS\DSP\Source\QuaternionMathFunctions\arm_rotation2quaternion_f32.c(202): warning:  #1035-D: single-precision operand implicitly converted to double-precision
          s = 1.0 / doubler;
D:\Keil5\ARM\CMSIS\5.8.0\CMSIS\DSP\Source\QuaternionMathFunctions\arm_rotation2quaternion_f32.c(205): warning:  #1035-D: single-precision operand implicitly converted to double-precision
          q[2] = 0.25 * doubler;
D:\Keil5\ARM\CMSIS\5.8.0\CMSIS\DSP\Source\QuaternionMathFunctions\arm_rotation2quaternion_f32.c(210): warning:  #1035-D: single-precision operand implicitly converted to double-precision
          doubler = sqrtf(1.0 + RI(2,2) - RI(0,0) - RI(1,1)) * 2; // invs=4*qz
D:\Keil5\ARM\CMSIS\5.8.0\CMSIS\DSP\Source\QuaternionMathFunctions\arm_rotation2quaternion_f32.c(211): warning:  #1035-D: single-precision operand implicitly converted to double-precision
          s = 1.0 / doubler;
D:\Keil5\ARM\CMSIS\5.8.0\CMSIS\DSP\Source\QuaternionMathFunctions\arm_rotation2quaternion_f32.c(215): warning:  #1035-D: single-precision operand implicitly converted to double-precision
          q[3] = 0.25 * doubler;
D:\Keil5\ARM\CMSIS\5.8.0\CMSIS\DSP\Source\QuaternionMathFunctions\QuaternionMathFunctions.c: 12 warnings, 0 errors
compiling SVMFunctions.c...
compiling FilteringFunctionsF16.c...
D:\Keil5\ARM\CMSIS\5.8.0\CMSIS\DSP\Source\FilteringFunctions\arm_biquad_cascade_df1_f16.c(491): warning:  #1-D: last line of file ends without a newline
  #endif /*#if defined(ARM_FLOAT16_SUPPORTED)*/
D:\Keil5\ARM\CMSIS\5.8.0\CMSIS\DSP\Source\FilteringFunctions\arm_biquad_cascade_df1_init_f16.c(160): warning:  #1-D: last line of file ends without a newline
  #endif /* #if defined(ARM_FLOAT16_SUPPORTED) */
D:\Keil5\ARM\CMSIS\5.8.0\CMSIS\DSP\Source\FilteringFunctions\arm_biquad_cascade_df2T_init_f16.c(114): warning:  #1-D: last line of file ends without a newline
  #endif /* #if defined(ARM_FLOAT16_SUPPORTED) */
D:\Keil5\ARM\CMSIS\5.8.0\CMSIS\DSP\Source\FilteringFunctions\arm_biquad_cascade_stereo_df2T_f16.c(434): warning:  #1-D: last line of file ends without a newline
  #endif /* #if defined(ARM_FLOAT16_SUPPORTED) */
D:\Keil5\ARM\CMSIS\5.8.0\CMSIS\DSP\Source\FilteringFunctions\FilteringFunctionsF16.c: 4 warnings, 0 errors
compiling stm32h7xx_hal_tim.c...
compiling SupportFunctionsF16.c...
compiling TransformFunctionsF16.c...
D:\Keil5\ARM\CMSIS\5.8.0\CMSIS\DSP\Include\arm_const_structs_f16.h(77): warning:  #1-D: last line of file ends without a newline
  #endif
D:\Keil5\ARM\CMSIS\5.8.0\CMSIS\DSP\Source\TransformFunctions\arm_cfft_radix2_f16.c(475): warning:  #1-D: last line of file ends without a newline
  #endif /* #if defined(ARM_FLOAT16_SUPPORTED) */
D:\Keil5\ARM\CMSIS\5.8.0\CMSIS\DSP\Source\TransformFunctions\arm_cfft_radix4_f16.c(1272): warning:  #1-D: last line of file ends without a newline
  #endif /* #if defined(ARM_FLOAT16_SUPPORTED) */
D:\Keil5\ARM\CMSIS\5.8.0\CMSIS\DSP\Source\TransformFunctions\arm_rfft_fast_init_f16.c(357): warning:  #1-D: last line of file ends without a newline
  #endif /*  #if defined(ARM_FLOAT16_SUPPORTED) */
D:\Keil5\ARM\CMSIS\5.8.0\CMSIS\DSP\Source\TransformFunctions\arm_cfft_radix8_f16.c(289): warning:  #1-D: last line of file ends without a newline
  #endif /* #if defined(ARM_FLOAT16_SUPPORTED) */
D:\Keil5\ARM\CMSIS\5.8.0\CMSIS\DSP\Source\TransformFunctions\arm_bitreversal_f16.c(102): warning:  #1-D: last line of file ends without a newline
  #endif /* #if defined(ARM_FLOAT16_SUPPORTED) */
D:\Keil5\ARM\CMSIS\5.8.0\CMSIS\DSP\Source\TransformFunctions\TransformFunctionsF16.c: 6 warnings, 0 errors
compiling MatrixFunctions.c...
D:\Keil5\ARM\CMSIS\5.8.0\CMSIS\DSP\Source\MatrixFunctions\arm_mat_ldlt_f32.c(435): warning:  #1035-D: single-precision operand implicitly converted to double-precision
          if (fabs(a) < 1.0e-8)
D:\Keil5\ARM\CMSIS\5.8.0\CMSIS\DSP\Source\MatrixFunctions\MatrixFunctions.c: 1 warning, 0 errors
compiling StatisticsFunctionsF16.c...
D:\Keil5\ARM\CMSIS\5.8.0\CMSIS\DSP\Source\StatisticsFunctions\StatisticsFunctionsF16.c(42): warning:  #1-D: last line of file ends without a newline
  #include "arm_absmin_f16.c"
D:\Keil5\ARM\CMSIS\5.8.0\CMSIS\DSP\Source\StatisticsFunctions\StatisticsFunctionsF16.c: 1 warning, 0 errors
compiling StatisticsFunctions.c...
D:\Keil5\ARM\CMSIS\5.8.0\CMSIS\DSP\Source\StatisticsFunctions\StatisticsFunctions.c(68): warning:  #1-D: last line of file ends without a newline
  #include "arm_absmin_q7.c"
D:\Keil5\ARM\CMSIS\5.8.0\CMSIS\DSP\Source\StatisticsFunctions\StatisticsFunctions.c: 1 warning, 0 errors
compiling SupportFunctions.c...
compiling TransformFunctions.c...
compiling FilteringFunctions.c...
D:\Keil5\ARM\CMSIS\5.8.0\CMSIS\DSP\Source\FilteringFunctions\arm_levinson_durbin_q31.c(58): warning:  #550-D: variable "status"  was set but never used
    arm_status status;
D:\Keil5\ARM\CMSIS\5.8.0\CMSIS\DSP\Source\FilteringFunctions\FilteringFunctions.c: 1 warning, 0 errors
compiling INS.cpp...
..\User\3-HDL(Hardwware Driver Layer)\inc\imu.h(96): warning:  #1-D: last line of file ends without a newline
  #endif
..\User\1-APL(Application Layer)\inc\INS.h(53): warning:  #1-D: last line of file ends without a newline
  #endif
..\User\1-APL(Application Layer)\inc\UWB.h(31): warning:  #1-D: last line of file ends without a newline
  #endif
..\User\1-APL(Application Layer)\inc\Callback_Uart.h(15): warning:  #1-D: last line of file ends without a newline
  #endif
..\User\1-APL(Application Layer)\inc\VOFA.h(11): warning:  #1-D: last line of file ends without a newline
  #endif
..\User\1-APL(Application Layer)\inc\INS.h(53): warning:  #1-D: last line of file ends without a newline
  #endif
..\User\2-MWL(Middleware Layer)\inc\matrix.h(63): warning:  #550-D: variable "s"  was set but never used
      arm_status s;
..\User\2-MWL(Middleware Layer)\inc\matrix.h(68): warning:  #550-D: variable "s"  was set but never used
      arm_status s;
..\User\2-MWL(Middleware Layer)\inc\matrix.h(73): warning:  #550-D: variable "s"  was set but never used
      arm_status s;
..\User\2-MWL(Middleware Layer)\inc\matrix.h(78): warning:  #550-D: variable "s"  was set but never used
      arm_status s;
..\User\2-MWL(Middleware Layer)\inc\matrix.h(83): warning:  #550-D: variable "s"  was set but never used
      arm_status s;
..\User\2-MWL(Middleware Layer)\inc\matrix.h(89): warning:  #550-D: variable "s"  was set but never used
      arm_status s;
..\User\2-MWL(Middleware Layer)\inc\matrix.h(95): warning:  #550-D: variable "s"  was set but never used
      arm_status s;
..\User\2-MWL(Middleware Layer)\inc\matrix.h(102): warning:  #550-D: variable "s"  was set but never used
      arm_status s;
..\User\2-MWL(Middleware Layer)\inc\matrix.h(108): warning:  #550-D: variable "s"  was set but never used
      arm_status s;
..\User\2-MWL(Middleware Layer)\inc\matrix.h(228): warning:  #111-D: statement is unreachable
        s = ARM_MATH_SINGULAR;
..\User\2-MWL(Middleware Layer)\inc\matrix.h(231): warning:  #177-D: variable "tmp"  was declared but never referenced
        float tmp;
..\User\2-MWL(Middleware Layer)\inc\matrix.h(208): warning:  #550-D: variable "s"  was set but never used
    arm_status s;
..\User\1-APL(Application Layer)\src\INS.cpp: 18 warnings, 0 errors
compiling CRC8_CRC16.c...
..\User\3-HDL(Hardwware Driver Layer)\inc\imu.h(96): warning:  #1-D: last line of file ends without a newline
  #endif
..\User\1-APL(Application Layer)\inc\INS.h(53): warning:  #1-D: last line of file ends without a newline
  #endif
..\User\1-APL(Application Layer)\inc\UWB.h(31): warning:  #1-D: last line of file ends without a newline
  #endif
..\User\1-APL(Application Layer)\inc\Callback_Uart.h(15): warning:  #1-D: last line of file ends without a newline
  #endif
..\User\1-APL(Application Layer)\inc\VOFA.h(11): warning:  #1-D: last line of file ends without a newline
  #endif
..\User\2-MWL(Middleware Layer)\src\CRC8_CRC16.c: 5 warnings, 0 errors
compiling matrix.cpp...
..\User\3-HDL(Hardwware Driver Layer)\inc\imu.h(96): warning:  #1-D: last line of file ends without a newline
  #endif
..\User\1-APL(Application Layer)\inc\INS.h(53): warning:  #1-D: last line of file ends without a newline
  #endif
..\User\1-APL(Application Layer)\inc\UWB.h(31): warning:  #1-D: last line of file ends without a newline
  #endif
..\User\1-APL(Application Layer)\inc\Callback_Uart.h(15): warning:  #1-D: last line of file ends without a newline
  #endif
..\User\1-APL(Application Layer)\inc\VOFA.h(11): warning:  #1-D: last line of file ends without a newline
  #endif
..\User\1-APL(Application Layer)\inc\INS.h(53): warning:  #1-D: last line of file ends without a newline
  #endif
..\User\2-MWL(Middleware Layer)\inc\matrix.h(63): warning:  #550-D: variable "s"  was set but never used
      arm_status s;
..\User\2-MWL(Middleware Layer)\inc\matrix.h(68): warning:  #550-D: variable "s"  was set but never used
      arm_status s;
..\User\2-MWL(Middleware Layer)\inc\matrix.h(73): warning:  #550-D: variable "s"  was set but never used
      arm_status s;
..\User\2-MWL(Middleware Layer)\inc\matrix.h(78): warning:  #550-D: variable "s"  was set but never used
      arm_status s;
..\User\2-MWL(Middleware Layer)\inc\matrix.h(83): warning:  #550-D: variable "s"  was set but never used
      arm_status s;
..\User\2-MWL(Middleware Layer)\inc\matrix.h(89): warning:  #550-D: variable "s"  was set but never used
      arm_status s;
..\User\2-MWL(Middleware Layer)\inc\matrix.h(95): warning:  #550-D: variable "s"  was set but never used
      arm_status s;
..\User\2-MWL(Middleware Layer)\inc\matrix.h(102): warning:  #550-D: variable "s"  was set but never used
      arm_status s;
..\User\2-MWL(Middleware Layer)\inc\matrix.h(108): warning:  #550-D: variable "s"  was set but never used
      arm_status s;
..\User\2-MWL(Middleware Layer)\inc\matrix.h(228): warning:  #111-D: statement is unreachable
        s = ARM_MATH_SINGULAR;
..\User\2-MWL(Middleware Layer)\inc\matrix.h(231): warning:  #177-D: variable "tmp"  was declared but never referenced
        float tmp;
..\User\2-MWL(Middleware Layer)\inc\matrix.h(208): warning:  #550-D: variable "s"  was set but never used
    arm_status s;
..\User\2-MWL(Middleware Layer)\inc\matrix.h(117): warning:  #550-D: variable "s"  was set but never used
      arm_status s;
          detected during instantiation of "Matrixf<3, cols> operator*(const Matrixf<3, 3> &, const Matrixf<3, cols> &) [with cols=1]"  at line 31 of "..\User\2-MWL(Middleware Layer)\src\matrix.cpp"
..\User\2-MWL(Middleware Layer)\src\matrix.cpp: 19 warnings, 0 errors
compiling VOFA.c...
..\User\3-HDL(Hardwware Driver Layer)\inc\imu.h(96): warning:  #1-D: last line of file ends without a newline
  #endif
..\User\1-APL(Application Layer)\inc\INS.h(53): warning:  #1-D: last line of file ends without a newline
  #endif
..\User\1-APL(Application Layer)\inc\UWB.h(31): warning:  #1-D: last line of file ends without a newline
  #endif
..\User\1-APL(Application Layer)\inc\Callback_Uart.h(15): warning:  #1-D: last line of file ends without a newline
  #endif
..\User\1-APL(Application Layer)\inc\VOFA.h(11): warning:  #1-D: last line of file ends without a newline
  #endif
..\User\1-APL(Application Layer)\inc\VOFA.h(11): warning:  #1-D: last line of file ends without a newline
  #endif
..\User\1-APL(Application Layer)\src\VOFA.c: 6 warnings, 0 errors
compiling Callback_Uart.c...
..\User\3-HDL(Hardwware Driver Layer)\inc\imu.h(96): warning:  #1-D: last line of file ends without a newline
  #endif
..\User\1-APL(Application Layer)\inc\INS.h(53): warning:  #1-D: last line of file ends without a newline
  #endif
..\User\1-APL(Application Layer)\inc\Callback_Uart.h(15): warning:  #1-D: last line of file ends without a newline
  #endif
..\User\1-APL(Application Layer)\inc\VOFA.h(11): warning:  #1-D: last line of file ends without a newline
  #endif
..\User\1-APL(Application Layer)\inc\UWB.h(31): warning:  #1-D: last line of file ends without a newline
  #endif
..\User\1-APL(Application Layer)\inc\Callback_Uart.h(15): warning:  #1-D: last line of file ends without a newline
  #endif
..\User\1-APL(Application Layer)\src\Callback_Uart.c: 6 warnings, 0 errors
compiling UWB.c...
..\User\3-HDL(Hardwware Driver Layer)\inc\imu.h(96): warning:  #1-D: last line of file ends without a newline
  #endif
..\User\1-APL(Application Layer)\inc\INS.h(53): warning:  #1-D: last line of file ends without a newline
  #endif
..\User\1-APL(Application Layer)\inc\UWB.h(31): warning:  #1-D: last line of file ends without a newline
  #endif
..\User\1-APL(Application Layer)\inc\Callback_Uart.h(15): warning:  #1-D: last line of file ends without a newline
  #endif
..\User\1-APL(Application Layer)\inc\VOFA.h(11): warning:  #1-D: last line of file ends without a newline
  #endif
..\User\1-APL(Application Layer)\inc\UWB.h(31): warning:  #1-D: last line of file ends without a newline
  #endif
..\User\1-APL(Application Layer)\src\UWB.c(25): warning:  #1-D: last line of file ends without a newline
  }
..\User\1-APL(Application Layer)\src\UWB.c: 7 warnings, 0 errors
compiling OLED.c...
..\User\3-HDL(Hardwware Driver Layer)\inc\imu.h(96): warning:  #1-D: last line of file ends without a newline
  #endif
..\User\1-APL(Application Layer)\inc\INS.h(53): warning:  #1-D: last line of file ends without a newline
  #endif
..\User\1-APL(Application Layer)\inc\UWB.h(31): warning:  #1-D: last line of file ends without a newline
  #endif
..\User\1-APL(Application Layer)\inc\Callback_Uart.h(15): warning:  #1-D: last line of file ends without a newline
  #endif
..\User\1-APL(Application Layer)\inc\VOFA.h(11): warning:  #1-D: last line of file ends without a newline
  #endif
..\User\3-HDL(Hardwware Driver Layer)\src\OLED.c: 5 warnings, 0 errors
compiling imu.c...
..\User\3-HDL(Hardwware Driver Layer)\inc\imu.h(96): warning:  #1-D: last line of file ends without a newline
  #endif
..\User\1-APL(Application Layer)\inc\INS.h(53): warning:  #1-D: last line of file ends without a newline
  #endif
..\User\1-APL(Application Layer)\inc\UWB.h(31): warning:  #1-D: last line of file ends without a newline
  #endif
..\User\1-APL(Application Layer)\inc\Callback_Uart.h(15): warning:  #1-D: last line of file ends without a newline
  #endif
..\User\1-APL(Application Layer)\inc\VOFA.h(11): warning:  #1-D: last line of file ends without a newline
  #endif
..\User\3-HDL(Hardwware Driver Layer)\inc\imu.h(96): warning:  #1-D: last line of file ends without a newline
  #endif
..\User\3-HDL(Hardwware Driver Layer)\src\imu.c(10): warning:  #144-D: a value of type "void (*)(std::uint32_t *)" cannot be used to initialize an entity of type "void *"
  void * IMU_hook_fun[WIT_DATA_NUM] = {IMU_ACC_hook,IMU_ANGLE_hook,IMU_Quaternion_hook};
..\User\3-HDL(Hardwware Driver Layer)\src\imu.c(10): warning:  #144-D: a value of type "void (*)(std::uint32_t *)" cannot be used to initialize an entity of type "void *"
  void * IMU_hook_fun[WIT_DATA_NUM] = {IMU_ACC_hook,IMU_ANGLE_hook,IMU_Quaternion_hook};
..\User\3-HDL(Hardwware Driver Layer)\src\imu.c(10): warning:  #144-D: a value of type "void (*)(std::uint32_t *)" cannot be used to initialize an entity of type "void *"
  void * IMU_hook_fun[WIT_DATA_NUM] = {IMU_ACC_hook,IMU_ANGLE_hook,IMU_Quaternion_hook};
..\User\3-HDL(Hardwware Driver Layer)\src\imu.c: 9 warnings, 0 errors
linking...
Program Size: Code=26070 RO-data=766 RW-data=56 ZI-data=3336  
FromELF: creating hex file...
"sinan_project\sinan_project.axf" - 0 Error(s), 154 Warning(s).

<h2>Software Packages used:</h2>

Package Vendor: ARM
                http://www.keil.com/pack/ARM.CMSIS.5.8.0.pack
                ARM.CMSIS.5.8.0
                CMSIS (Common Microcontroller Software Interface Standard)
   * Component: CORE Version: 5.5.0
   * Component: DSP Variant: Source Version: 1.9.0-dev

Package Vendor: Keil
                https://www.keil.com/pack/Keil.STM32H7xx_DFP.4.0.0.pack
                Keil.STM32H7xx_DFP.4.0.0
                STMicroelectronics STM32H7 Series Device Support

<h2>Collection of Component include folders:</h2>
  .\RTE\_sinan_project
  D:\Keil5\ARM\CMSIS\5.8.0\CMSIS\Core\Include
  D:\Keil5\ARM\CMSIS\5.8.0\CMSIS\DSP\Include
  D:\Keil5\ARM\CMSIS\5.8.0\CMSIS\DSP\PrivateInclude

<h2>Collection of Component Files used:</h2>

   * Component: ARM::CMSIS:CORE:5.5.0
      Include file:  CMSIS\Core\Include\tz_context.h

   * Component: ARM::CMSIS:DSP:Source:1.9.0-dev
      Include file:  CMSIS\DSP\Include\arm_math.h
      Include file:  CMSIS\DSP\Include\arm_math_f16.h
      Include file:  CMSIS\DSP\Include\arm_common_tables.h
      Include file:  CMSIS\DSP\Include\arm_common_tables_f16.h
      Source file:   CMSIS\DSP\Source\BayesFunctions\BayesFunctions.c
      Source file:   CMSIS\DSP\Source\CommonTables\CommonTables.c
      Include file:  CMSIS\DSP\Include\arm_const_structs_f16.h
      Source file:   CMSIS\DSP\Source\QuaternionMathFunctions\QuaternionMathFunctions.c
      Include file:  CMSIS\DSP\Include\arm_const_structs.h
      Source file:   CMSIS\DSP\Source\BasicMathFunctions\BasicMathFunctions.c
      Source file:   CMSIS\DSP\Source\FastMathFunctions\FastMathFunctionsF16.c
      Source file:   CMSIS\DSP\Source\FilteringFunctions\FilteringFunctions.c
      Source file:   CMSIS\DSP\Source\ComplexMathFunctions\ComplexMathFunctions.c
      Source file:   CMSIS\DSP\Source\MatrixFunctions\MatrixFunctionsF16.c
      Source file:   CMSIS\DSP\Source\StatisticsFunctions\StatisticsFunctionsF16.c
      Source file:   CMSIS\DSP\Source\InterpolationFunctions\InterpolationFunctions.c
      Source file:   CMSIS\DSP\Source\CommonTables\CommonTablesF16.c
      Source file:   CMSIS\DSP\Source\MatrixFunctions\MatrixFunctions.c
      Source file:   CMSIS\DSP\Source\SupportFunctions\SupportFunctions.c
      Source file:   CMSIS\DSP\Source\FastMathFunctions\FastMathFunctions.c
      Source file:   CMSIS\DSP\Source\TransformFunctions\TransformFunctionsF16.c
      Source file:   CMSIS\DSP\Source\SVMFunctions\SVMFunctionsF16.c
      Source file:   CMSIS\DSP\Source\ComplexMathFunctions\ComplexMathFunctionsF16.c
      Source file:   CMSIS\DSP\Source\DistanceFunctions\DistanceFunctions.c
      Source file:   CMSIS\DSP\Source\InterpolationFunctions\InterpolationFunctionsF16.c
      Source file:   CMSIS\DSP\Source\BayesFunctions\BayesFunctionsF16.c
      Source file:   CMSIS\DSP\Source\ControllerFunctions\ControllerFunctions.c
      Source file:   CMSIS\DSP\Source\DistanceFunctions\DistanceFunctionsF16.c
      Source file:   CMSIS\DSP\Source\SupportFunctions\SupportFunctionsF16.c
      Source file:   CMSIS\DSP\Source\TransformFunctions\TransformFunctions.c
      Source file:   CMSIS\DSP\Source\SVMFunctions\SVMFunctions.c
      Source file:   CMSIS\DSP\Source\BasicMathFunctions\BasicMathFunctionsF16.c
      Source file:   CMSIS\DSP\Source\FilteringFunctions\FilteringFunctionsF16.c
      Source file:   CMSIS\DSP\Source\StatisticsFunctions\StatisticsFunctions.c
Build Time Elapsed:  00:00:18
</pre>
</body>
</html>
