Component: ARM Compiler 5.06 update 7 (build 960) Tool: armlink [4d3601]

==============================================================================

Section Cross References

    startup_stm32h743xx.o(STACK) refers (Special) to heapauxi.o(.text) for __use_two_region_memory
    startup_stm32h743xx.o(HEAP) refers (Special) to heapauxi.o(.text) for __use_two_region_memory
    startup_stm32h743xx.o(RESET) refers (Special) to heapauxi.o(.text) for __use_two_region_memory
    startup_stm32h743xx.o(RESET) refers to startup_stm32h743xx.o(STACK) for __initial_sp
    startup_stm32h743xx.o(RESET) refers to startup_stm32h743xx.o(.text) for Reset_Handler
    startup_stm32h743xx.o(RESET) refers to stm32h7xx_it.o(i.NMI_Handler) for NMI_Handler
    startup_stm32h743xx.o(RESET) refers to stm32h7xx_it.o(i.HardFault_Handler) for HardFault_Handler
    startup_stm32h743xx.o(RESET) refers to stm32h7xx_it.o(i.MemManage_Handler) for MemManage_Handler
    startup_stm32h743xx.o(RESET) refers to stm32h7xx_it.o(i.BusFault_Handler) for BusFault_Handler
    startup_stm32h743xx.o(RESET) refers to stm32h7xx_it.o(i.UsageFault_Handler) for UsageFault_Handler
    startup_stm32h743xx.o(RESET) refers to stm32h7xx_it.o(i.SVC_Handler) for SVC_Handler
    startup_stm32h743xx.o(RESET) refers to stm32h7xx_it.o(i.DebugMon_Handler) for DebugMon_Handler
    startup_stm32h743xx.o(RESET) refers to stm32h7xx_it.o(i.PendSV_Handler) for PendSV_Handler
    startup_stm32h743xx.o(RESET) refers to stm32h7xx_it.o(i.SysTick_Handler) for SysTick_Handler
    startup_stm32h743xx.o(RESET) refers to stm32h7xx_it.o(i.DMA1_Stream0_IRQHandler) for DMA1_Stream0_IRQHandler
    startup_stm32h743xx.o(RESET) refers to stm32h7xx_it.o(i.TIM2_IRQHandler) for TIM2_IRQHandler
    startup_stm32h743xx.o(RESET) refers to stm32h7xx_it.o(i.TIM3_IRQHandler) for TIM3_IRQHandler
    startup_stm32h743xx.o(RESET) refers to stm32h7xx_it.o(i.USART1_IRQHandler) for USART1_IRQHandler
    startup_stm32h743xx.o(RESET) refers to stm32h7xx_it.o(i.USART2_IRQHandler) for USART2_IRQHandler
    startup_stm32h743xx.o(.text) refers (Special) to heapauxi.o(.text) for __use_two_region_memory
    startup_stm32h743xx.o(.text) refers to system_stm32h7xx.o(i.SystemInit) for SystemInit
    startup_stm32h743xx.o(.text) refers to __main.o(!!!main) for __main
    startup_stm32h743xx.o(.text) refers to startup_stm32h743xx.o(HEAP) for Heap_Mem
    startup_stm32h743xx.o(.text) refers to startup_stm32h743xx.o(STACK) for Stack_Mem
    main.o(i.HAL_TIM_PeriodElapsedCallback) refers to ins.o(i.INS_region_cal) for INS_region_cal
    main.o(i.HAL_TIM_PeriodElapsedCallback) refers to imu.o(i.IMU_hook) for IMU_hook
    main.o(i.HAL_TIM_PeriodElapsedCallback) refers to main.o(.data) for .data
    main.o(i.HAL_TIM_PeriodElapsedCallback) refers to imu.o(.bss) for IMU931
    main.o(i._Z18SystemClock_Configv) refers to rt_memclr_w.o(.text) for __aeabi_memclr4
    main.o(i._Z18SystemClock_Configv) refers to stm32h7xx_hal_pwr_ex.o(i.HAL_PWREx_ConfigSupply) for HAL_PWREx_ConfigSupply
    main.o(i._Z18SystemClock_Configv) refers to stm32h7xx_hal_rcc.o(i.HAL_RCC_OscConfig) for HAL_RCC_OscConfig
    main.o(i._Z18SystemClock_Configv) refers to stm32h7xx_hal_rcc.o(i.HAL_RCC_ClockConfig) for HAL_RCC_ClockConfig
    main.o(i.main) refers to stm32h7xx_hal.o(i.HAL_Init) for HAL_Init
    main.o(i.main) refers to main.o(i._Z18SystemClock_Configv) for SystemClock_Config()
    main.o(i.main) refers to gpio.o(i.MX_GPIO_Init) for MX_GPIO_Init
    main.o(i.main) refers to dma.o(i.MX_DMA_Init) for MX_DMA_Init
    main.o(i.main) refers to spi.o(i.MX_SPI3_Init) for MX_SPI3_Init
    main.o(i.main) refers to i2c.o(i.MX_I2C2_Init) for MX_I2C2_Init
    main.o(i.main) refers to tim.o(i.MX_TIM2_Init) for MX_TIM2_Init
    main.o(i.main) refers to tim.o(i.MX_TIM3_Init) for MX_TIM3_Init
    main.o(i.main) refers to usart.o(i.MX_USART1_UART_Init) for MX_USART1_UART_Init
    main.o(i.main) refers to usart.o(i.MX_USART2_UART_Init) for MX_USART2_UART_Init
    main.o(i.main) refers to stm32h7xx_hal_uart_ex.o(i.HAL_UARTEx_ReceiveToIdle_DMA) for HAL_UARTEx_ReceiveToIdle_DMA
    main.o(i.main) refers to imu.o(i.IMU_Init) for IMU_Init
    main.o(i.main) refers to stm32h7xx_hal_tim.o(i.HAL_TIM_Base_Start_IT) for HAL_TIM_Base_Start_IT
    main.o(i.main) refers to oled.o(i.OLED_Init) for OLED_Init
    main.o(i.main) refers to ins.o(i.INS_Init) for INS_Init
    main.o(i.main) refers to uwb.o(.bss) for UWB
    main.o(i.main) refers to usart.o(.bss) for huart2
    main.o(i.main) refers to imu.o(.bss) for IMU931
    main.o(i.main) refers to tim.o(.bss) for htim2
    main.o(.ARM.exidx) refers to main.o(i.Error_Handler) for i.Error_Handler
    main.o(.ARM.exidx) refers to main.o(i._Z18SystemClock_Configv) for i._Z18SystemClock_Configv
    main.o(.ARM.exidx) refers to main.o(i.main) for i.main
    main.o(.ARM.exidx) refers to main.o(i.HAL_TIM_PeriodElapsedCallback) for i.HAL_TIM_PeriodElapsedCallback
[...]
    [local to stm32h7xx_hal_dma_c]::DMA_CheckFifoParam(__DMA_HandleTypeDef*) 0x08005a8d   Thumb Code    84  stm32h7xx_hal_dma.o(i._ZN41_INTERNAL_19_stm32h7xx_hal_dma_c_c25f65ec18DMA_CheckFifoParamEP19__DMA_HandleTypeDef)
    i._ZN41_INTERNAL_19_stm32h7xx_hal_dma_c_c25f65ec23DMA_CalcBaseAndBitshiftEP19__DMA_HandleTypeDef 0x08005ae0   Section        0  stm32h7xx_hal_dma.o(i._ZN41_INTERNAL_19_stm32h7xx_hal_dma_c_c25f65ec23DMA_CalcBaseAndBitshiftEP19__DMA_HandleTypeDef)
    [local to stm32h7xx_hal_dma_c]::DMA_CalcBaseAndBitshift(__DMA_HandleTypeDef*) 0x08005ae1   Thumb Code   170  stm32h7xx_hal_dma.o(i._ZN41_INTERNAL_19_stm32h7xx_hal_dma_c_c25f65ec23DMA_CalcBaseAndBitshiftEP19__DMA_HandleTypeDef)
    i._ZN41_INTERNAL_19_stm32h7xx_hal_dma_c_c25f65ec32DMA_CalcDMAMUXChannelBaseAndMaskEP19__DMA_HandleTypeDef 0x08005b98   Section        0  stm32h7xx_hal_dma.o(i._ZN41_INTERNAL_19_stm32h7xx_hal_dma_c_c25f65ec32DMA_CalcDMAMUXChannelBaseAndMaskEP19__DMA_HandleTypeDef)
    [local to stm32h7xx_hal_dma_c]::DMA_CalcDMAMUXChannelBaseAndMask(__DMA_HandleTypeDef*) 0x08005b99   Thumb Code   144  stm32h7xx_hal_dma.o(i._ZN41_INTERNAL_19_stm32h7xx_hal_dma_c_c25f65ec32DMA_CalcDMAMUXChannelBaseAndMaskEP19__DMA_HandleTypeDef)
    i._ZN41_INTERNAL_19_stm32h7xx_hal_dma_c_c25f65ec35DMA_CalcDMAMUXRequestGenBaseAndMaskEP19__DMA_HandleTypeDef 0x08005c38   Section        0  stm32h7xx_hal_dma.o(i._ZN41_INTERNAL_19_stm32h7xx_hal_dma_c_c25f65ec35DMA_CalcDMAMUXRequestGenBaseAndMaskEP19__DMA_HandleTypeDef)
    [local to stm32h7xx_hal_dma_c]::DMA_CalcDMAMUXRequestGenBaseAndMask(__DMA_HandleTypeDef*) 0x08005c39   Thumb Code   110  stm32h7xx_hal_dma.o(i._ZN41_INTERNAL_19_stm32h7xx_hal_dma_c_c25f65ec35DMA_CalcDMAMUXRequestGenBaseAndMaskEP19__DMA_HandleTypeDef)
    i._ZN41_INTERNAL_19_stm32h7xx_hal_tim_c_a9d95b5218TIM_ITRx_SetConfigEP11TIM_TypeDefj 0x08005cb4   Section        0  stm32h7xx_hal_tim.o(i._ZN41_INTERNAL_19_stm32h7xx_hal_tim_c_a9d95b5218TIM_ITRx_SetConfigEP11TIM_TypeDefj)
    [local to stm32h7xx_hal_tim_c]::TIM_ITRx_SetConfig(TIM_TypeDef*, unsigned) 0x08005cb5   Thumb Code    16  stm32h7xx_hal_tim.o(i._ZN41_INTERNAL_19_stm32h7xx_hal_tim_c_a9d95b5218TIM_ITRx_SetConfigEP11TIM_TypeDefj)
    i._ZN41_INTERNAL_19_stm32h7xx_hal_tim_c_a9d95b5224TIM_TI1_ConfigInputStageEP11TIM_TypeDefjj 0x08005cc8   Section        0  stm32h7xx_hal_tim.o(i._ZN41_INTERNAL_19_stm32h7xx_hal_tim_c_a9d95b5224TIM_TI1_ConfigInputStageEP11TIM_TypeDefjj)
    [local to stm32h7xx_hal_tim_c]::TIM_TI1_ConfigInputStage(TIM_TypeDef*, unsigned, unsigned) 0x08005cc9   Thumb Code    34  stm32h7xx_hal_tim.o(i._ZN41_INTERNAL_19_stm32h7xx_hal_tim_c_a9d95b5224TIM_TI1_ConfigInputStageEP11TIM_TypeDefjj)
    i._ZN41_INTERNAL_19_stm32h7xx_hal_tim_c_a9d95b5224TIM_TI2_ConfigInputStageEP11TIM_TypeDefjj 0x08005cea   Section        0  stm32h7xx_hal_tim.o(i._ZN41_INTERNAL_19_stm32h7xx_hal_tim_c_a9d95b5224TIM_TI2_ConfigInputStageEP11TIM_TypeDefjj)
    [local to stm32h7xx_hal_tim_c]::TIM_TI2_ConfigInputStage(TIM_TypeDef*, unsigned, unsigned) 0x08005ceb   Thumb Code    36  stm32h7xx_hal_tim.o(i._ZN41_INTERNAL_19_stm32h7xx_hal_tim_c_a9d95b5224TIM_TI2_ConfigInputStageEP11TIM_TypeDefjj)
    i._ZN42_INTERNAL_20_stm32h7xx_hal_uart_c_574fddf513UART_DMAErrorEP19__DMA_HandleTypeDef 0x08005d0e   Section        0  stm32h7xx_hal_uart.o(i._ZN42_INTERNAL_20_stm32h7xx_hal_uart_c_574fddf513UART_DMAErrorEP19__DMA_HandleTypeDef)
    [local to stm32h7xx_hal_uart_c]::UART_DMAError(__DMA_HandleTypeDef*) 0x08005d0f   Thumb Code    80  stm32h7xx_hal_uart.o(i._ZN42_INTERNAL_20_stm32h7xx_hal_uart_c_574fddf513UART_DMAErrorEP19__DMA_HandleTypeDef)
    i._ZN42_INTERNAL_20_stm32h7xx_hal_uart_c_574fddf515UART_RxISR_8BITEP20__UART_HandleTypeDef 0x08005d60   Section        0  stm32h7xx_hal_uart.o(i._ZN42_INTERNAL_20_stm32h7xx_hal_uart_c_574fddf515UART_RxISR_8BITEP20__UART_HandleTypeDef)
    [local to stm32h7xx_hal_uart_c]::UART_RxISR_8BIT(__UART_HandleTypeDef*) 0x08005d61   Thumb Code   196  stm32h7xx_hal_uart.o(i._ZN42_INTERNAL_20_stm32h7xx_hal_uart_c_574fddf515UART_RxISR_8BITEP20__UART_HandleTypeDef)
    i._ZN42_INTERNAL_20_stm32h7xx_hal_uart_c_574fddf516UART_RxISR_16BITEP20__UART_HandleTypeDef 0x08005e28   Section        0  stm32h7xx_hal_uart.o(i._ZN42_INTERNAL_20_stm32h7xx_hal_uart_c_574fddf516UART_RxISR_16BITEP20__UART_HandleTypeDef)
    [local to stm32h7xx_hal_uart_c]::UART_RxISR_16BIT(__UART_HandleTypeDef*) 0x08005e29   Thumb Code   196  stm32h7xx_hal_uart.o(i._ZN42_INTERNAL_20_stm32h7xx_hal_uart_c_574fddf516UART_RxISR_16BITEP20__UART_HandleTypeDef)
    i._ZN42_INTERNAL_20_stm32h7xx_hal_uart_c_574fddf518UART_DMARxHalfCpltEP19__DMA_HandleTypeDef 0x08005ef0   Section        0  stm32h7xx_hal_uart.o(i._ZN42_INTERNAL_20_stm32h7xx_hal_uart_c_574fddf518UART_DMARxHalfCpltEP19__DMA_HandleTypeDef)
    [local to stm32h7xx_hal_uart_c]::UART_DMARxHalfCplt(__DMA_HandleTypeDef*) 0x08005ef1   Thumb Code    32  stm32h7xx_hal_uart.o(i._ZN42_INTERNAL_20_stm32h7xx_hal_uart_c_574fddf518UART_DMARxHalfCpltEP19__DMA_HandleTypeDef)
    i._ZN42_INTERNAL_20_stm32h7xx_hal_uart_c_574fddf518UART_EndRxTransferEP20__UART_HandleTypeDef 0x08005f10   Section        0  stm32h7xx_hal_uart.o(i._ZN42_INTERNAL_20_stm32h7xx_hal_uart_c_574fddf518UART_EndRxTransferEP20__UART_HandleTypeDef)
    [local to stm32h7xx_hal_uart_c]::UART_EndRxTransfer(__UART_HandleTypeDef*) 0x08005f11   Thumb Code    78  stm32h7xx_hal_uart.o(i._ZN42_INTERNAL_20_stm32h7xx_hal_uart_c_574fddf518UART_EndRxTransferEP20__UART_HandleTypeDef)
    i._ZN42_INTERNAL_20_stm32h7xx_hal_uart_c_574fddf518UART_EndTxTransferEP20__UART_HandleTypeDef 0x08005f64   Section        0  stm32h7xx_hal_uart.o(i._ZN42_INTERNAL_20_stm32h7xx_hal_uart_c_574fddf518UART_EndTxTransferEP20__UART_HandleTypeDef)
    [local to stm32h7xx_hal_uart_c]::UART_EndTxTransfer(__UART_HandleTypeDef*) 0x08005f65   Thumb Code    46  stm32h7xx_hal_uart.o(i._ZN42_INTERNAL_20_stm32h7xx_hal_uart_c_574fddf518UART_EndTxTransferEP20__UART_HandleTypeDef)
    i._ZN42_INTERNAL_20_stm32h7xx_hal_uart_c_574fddf519UART_DMAReceiveCpltEP19__DMA_HandleTypeDef 0x08005f92   Section        0  stm32h7xx_hal_uart.o(i._ZN42_INTERNAL_20_stm32h7xx_hal_uart_c_574fddf519UART_DMAReceiveCpltEP19__DMA_HandleTypeDef)
    [local to stm32h7xx_hal_uart_c]::UART_DMAReceiveCplt(__DMA_HandleTypeDef*) 0x08005f93   Thumb Code   132  stm32h7xx_hal_uart.o(i._ZN42_INTERNAL_20_stm32h7xx_hal_uart_c_574fddf519UART_DMAReceiveCpltEP19__DMA_HandleTypeDef)
    i._ZN42_INTERNAL_20_stm32h7xx_hal_uart_c_574fddf520UART_DMAAbortOnErrorEP19__DMA_HandleTypeDef 0x08006016   Section        0  stm32h7xx_hal_uart.o(i._ZN42_INTERNAL_20_stm32h7xx_hal_uart_c_574fddf520UART_DMAAbortOnErrorEP19__DMA_HandleTypeDef)
    [local to stm32h7xx_hal_uart_c]::UART_DMAAbortOnError(__DMA_HandleTypeDef*) 0x08006017   Thumb Code    20  stm32h7xx_hal_uart.o(i._ZN42_INTERNAL_20_stm32h7xx_hal_uart_c_574fddf520UART_DMAAbortOnErrorEP19__DMA_HandleTypeDef)
    i._ZN42_INTERNAL_20_stm32h7xx_hal_uart_c_574fddf522UART_RxISR_8BIT_FIFOENEP20__UART_HandleTypeDef 0x0800602c   Section        0  stm32h7xx_hal_uart.o(i._ZN42_INTERNAL_20_stm32h7xx_hal_uart_c_574fddf522UART_RxISR_8BIT_FIFOENEP20__UART_HandleTypeDef)
    [local to stm32h7xx_hal_uart_c]::UART_RxISR_8BIT_FIFOEN(__UART_HandleTypeDef*) 0x0800602d   Thumb Code   400  stm32h7xx_hal_uart.o(i._ZN42_INTERNAL_20_stm32h7xx_hal_uart_c_574fddf522UART_RxISR_8BIT_FIFOENEP20__UART_HandleTypeDef)
    i._ZN42_INTERNAL_20_stm32h7xx_hal_uart_c_574fddf523UART_RxISR_16BIT_FIFOENEP20__UART_HandleTypeDef 0x080061c8   Section        0  stm32h7xx_hal_uart.o(i._ZN42_INTERNAL_20_stm32h7xx_hal_uart_c_574fddf523UART_RxISR_16BIT_FIFOENEP20__UART_HandleTypeDef)
    [local to stm32h7xx_hal_uart_c]::UART_RxISR_16BIT_FIFOEN(__UART_HandleTypeDef*) 0x080061c9   Thumb Code   400  stm32h7xx_hal_uart.o(i._ZN42_INTERNAL_20_stm32h7xx_hal_uart_c_574fddf523UART_RxISR_16BIT_FIFOENEP20__UART_HandleTypeDef)
    i._ZN44_INTERNAL_22_stm32h7xx_hal_cortex_c_2992dbc018__NVIC_SetPriorityE9IRQn_Typej 0x08006364   Section        0  stm32h7xx_hal_cortex.o(i._ZN44_INTERNAL_22_stm32h7xx_hal_cortex_c_2992dbc018__NVIC_SetPriorityE9IRQn_Typej)
    [local to stm32h7xx_hal_cortex_c]::__NVIC_SetPriority(IRQn_Type, unsigned) 0x08006365   Thumb Code    32  stm32h7xx_hal_cortex.o(i._ZN44_INTERNAL_22_stm32h7xx_hal_cortex_c_2992dbc018__NVIC_SetPriorityE9IRQn_Typej)
    i._ZN44_INTERNAL_22_stm32h7xx_hal_rcc_ex_c_bed13b4417RCCEx_PLL2_ConfigEP19RCC_PLL2InitTypeDefj 0x08006384   Section        0  stm32h7xx_hal_rcc_ex.o(i._ZN44_INTERNAL_22_stm32h7xx_hal_rcc_ex_c_bed13b4417RCCEx_PLL2_ConfigEP19RCC_PLL2InitTypeDefj)
    [local to stm32h7xx_hal_rcc_ex_c]::RCCEx_PLL2_Config(RCC_PLL2InitTypeDef*, unsigned) 0x08006385   Thumb Code   270  stm32h7xx_hal_rcc_ex.o(i._ZN44_INTERNAL_22_stm32h7xx_hal_rcc_ex_c_bed13b4417RCCEx_PLL2_ConfigEP19RCC_PLL2InitTypeDefj)
    i._ZN44_INTERNAL_22_stm32h7xx_hal_rcc_ex_c_bed13b4417RCCEx_PLL3_ConfigEP19RCC_PLL3InitTypeDefj 0x08006498   Section        0  stm32h7xx_hal_rcc_ex.o(i._ZN44_INTERNAL_22_stm32h7xx_hal_rcc_ex_c_bed13b4417RCCEx_PLL3_ConfigEP19RCC_PLL3InitTypeDefj)
    [local to stm32h7xx_hal_rcc_ex_c]::RCCEx_PLL3_Config(RCC_PLL3InitTypeDef*, unsigned) 0x08006499   Thumb Code   270  stm32h7xx_hal_rcc_ex.o(i._ZN44_INTERNAL_22_stm32h7xx_hal_rcc_ex_c_bed13b4417RCCEx_PLL3_ConfigEP19RCC_PLL3InitTypeDefj)
    i._ZN45_INTERNAL_23_stm32h7xx_hal_uart_ex_c_83a37df425UARTEx_SetNbDataToProcessEP20__UART_HandleTypeDef 0x080065ac   Section        0  stm32h7xx_hal_uart_ex.o(i._ZN45_INTERNAL_23_stm32h7xx_hal_uart_ex_c_83a37df425UARTEx_SetNbDataToProcessEP20__UART_HandleTypeDef)
    [local to stm32h7xx_hal_uart_ex_c]::UARTEx_SetNbDataToProcess(__UART_HandleTypeDef*) 0x080065ad   Thumb Code    62  stm32h7xx_hal_uart_ex.o(i._ZN45_INTERNAL_23_stm32h7xx_hal_uart_ex_c_83a37df425UARTEx_SetNbDataToProcessEP20__UART_HandleTypeDef)
    i._ZN7Vector3C1Ev                        0x080065f0   Section        0  ins.o(i._ZN7Vector3C1Ev)
    i._ZN8vector3f5crossE7MatrixfILi3ELi3EES0_ILi3ELi1EE 0x0800660c   Section        0  matrix.o(i._ZN8vector3f5crossE7MatrixfILi3ELi3EES0_ILi3ELi1EE)
    i._ZmlRK7Vector3f                        0x08006636   Section        0  ins.o(i._ZmlRK7Vector3f)
    i._ZplRK7Vector3S1_                      0x08006676   Section        0  ins.o(i._ZplRK7Vector3S1_)
    i.__sti___7_INS_cpp_Gg_acc               0x0800669c   Section        0  ins.o(i.__sti___7_INS_cpp_Gg_acc)
    __sti___7_INS_cpp_Gg_acc                 0x0800669d   Thumb Code    92  ins.o(i.__sti___7_INS_cpp_Gg_acc)
    i.arm_mat_init_f32                       0x0800670c   Section        0  matrixfunctions.o(i.arm_mat_init_f32)
    i.arm_mat_mult_f32                       0x08006714   Section        0  matrixfunctions.o(i.arm_mat_mult_f32)
    i.arm_mat_sub_f32                        0x08006784   Section        0  matrixfunctions.o(i.arm_mat_sub_f32)
    i.main                                   0x080067b0   Section        0  main.o(i.main)
    t._ZN7MatrixfILi3ELi1EEC1EPf             0x08006814   Section        0  ins.o(t._ZN7MatrixfILi3ELi1EEC1EPf)
    t._ZN7MatrixfILi3ELi1EEC1Ev              0x0800682a   Section        0  ins.o(t._ZN7MatrixfILi3ELi1EEC1Ev)
    t._ZN7MatrixfILi3ELi3EEC1Ev              0x08006848   Section        0  ins.o(t._ZN7MatrixfILi3ELi3EEC1Ev)
    x$fpl$fpinit                             0x08006864   Section       10  fpinit.o(x$fpl$fpinit)
    $v0                                      0x08006864   Number         0  fpinit.o(x$fpl$fpinit)
    .constdata                               0x0800686e   Section        8  stm32h7xx_hal_dma.o(.constdata)
    [local to stm32h7xx_hal_dma_c]::DMA_CalcBaseAndBitshift(__DMA_HandleTypeDef*)::flagBitshiftOffset 0x0800686e   Data           8  stm32h7xx_hal_dma.o(.constdata)
    .constdata                               0x08006876   Section       24  stm32h7xx_hal_uart.o(.constdata)
    .constdata                               0x0800688e   Section       16  stm32h7xx_hal_uart_ex.o(.constdata)
    [local to stm32h7xx_hal_uart_ex_c]::UARTEx_SetNbDataToProcess(__UART_HandleTypeDef*)::numerator 0x0800688e   Data           8  stm32h7xx_hal_uart_ex.o(.constdata)
    [local to stm32h7xx_hal_uart_ex_c]::UARTEx_SetNbDataToProcess(__UART_HandleTypeDef*)::denominator 0x08006896   Data           8  stm32h7xx_hal_uart_ex.o(.constdata)
    .constdata                               0x0800689e   Section       16  system_stm32h7xx.o(.constdata)
    .init_array                              0x080068d0   Section        4  ins.o(.init_array)
    .init_array                              0x080068d4   Section        0  init_aeabi.o(.init_array)
    .data                                    0x24000000   Section        1  main.o(.data)
    HAL_TIM_PeriodElapsedCallback::flag      0x24000000   Data           1  main.o(.data)
    .data                                    0x24000004   Section       12  stm32h7xx_hal.o(.data)
    .data                                    0x24000010   Section        8  system_stm32h7xx.o(.data)
    .data                                    0x24000018   Section       16  ins.o(.data)
    .data                                    0x24000028   Section       16  imu.o(.data)
    IMU_uart_callback::cnt                   0x24000028   Data           1  imu.o(.data)
    .bss                                     0x24000038   Section       84  i2c.o(.bss)
    .bss                                     0x2400008c   Section      136  spi.o(.bss)
    .bss                                     0x24000114   Section      152  tim.o(.bss)
    .bss                                     0x240001ac   Section      416  usart.o(.bss)
    .bss                                     0x24000350   Section      248  ins.o(.bss)
    .bss                                     0x24000448   Section      262  uwb.o(.bss)
    .bss                                     0x24000550   Section      384  imu.o(.bss)
    .bss                                     0x240006d0   Section       96  libspace.o(.bss)
    .bss__ZZN7MatrixfILi3ELi1EE17getData_to_vectorER7Vector3E4temp 0x24000730   Section       12  ins.o(.bss__ZZN7MatrixfILi3ELi1EE17getData_to_vectorER7Vector3E4temp)
    HEAP                                     0x24000740   Section      512  startup_stm32h743xx.o(HEAP)
    Heap_Mem                                 0x24000740   Data         512  startup_stm32h743xx.o(HEAP)
    STACK                                    0x24000940   Section     1024  startup_stm32h743xx.o(STACK)
    Stack_Mem                                0x24000940   Data        1024  startup_stm32h743xx.o(STACK)
    __initial_sp                             0x24000d40   Data           0  startup_stm32h743xx.o(STACK)

    Global Symbols

    Symbol Name                              Value     Ov Type        Size  Object(Section)

    BuildAttributes$$THM_ISAv4$E$P$D$K$B$S$7EM$VFPv5_D16$PE$PLD8$A:L22UL41UL21$X:L11$S22US41US21$IEEE1$IW$USESV6$~STKCKD$USESV7$~SHL$OTIME$ROPI$IEEEX$EBA8$UX$STANDARDLIB$REQ8$PRES8$EABIv2 0x00000000   Number         0  anon$$obj.o ABSOLUTE
    __ARM_use_no_argv                        0x00000000   Number         0  main.o ABSOLUTE
    __ARM_exceptions_init                     - Undefined Weak Reference
    __alloca_initialize                       - Undefined Weak Reference
    __arm_fini_                               - Undefined Weak Reference
    __arm_preinit_                            - Undefined Weak Reference
    __cxa_finalize                            - Undefined Weak Reference
    __rt_locale                               - Undefined Weak Reference
    __sigvec_lookup                           - Undefined Weak Reference
    _atexit_init                              - Undefined Weak Reference
    _call_atexit_fns                          - Undefined Weak Reference
    _clock_init                               - Undefined Weak Reference
    _fp_trap_init                             - Undefined Weak Reference
    _fp_trap_shutdown                         - Undefined Weak Reference
    _get_lc_collate                           - Undefined Weak Reference
    _get_lc_ctype                             - Undefined Weak Reference
    _get_lc_monetary                          - Undefined Weak Reference
    _get_lc_numeric                           - Undefined Weak Reference
    _get_lc_time                              - Undefined Weak Reference
    _getenv_init                              - Undefined Weak Reference
    _handle_redirection                       - Undefined Weak Reference
    _init_alloc                               - Undefined Weak Reference
    _init_user_alloc                          - Undefined Weak Reference
    _initio                                   - Undefined Weak Reference
    _rand_init                                - Undefined Weak Reference
    _signal_finish                            - Undefined Weak Reference
    _signal_init                              - Undefined Weak Reference
    _terminate_alloc                          - Undefined Weak Reference
    _terminate_user_alloc                     - Undefined Weak Reference
    _terminateio                              - Undefined Weak Reference
    __Vectors_Size                           0x00000298   Number         0  startup_stm32h743xx.o ABSOLUTE
    __Vectors                                0x08000000   Data           4  startup_stm32h743xx.o(RESET)
    __Vectors_End                            0x08000298   Data           0  startup_stm32h743xx.o(RESET)
    __main                                   0x08000299   Thumb Code     8  __main.o(!!!main)
    __scatterload                            0x080002a1   Thumb Code     0  __scatter.o(!!!scatter)
    __scatterload_rt2                        0x080002a1   Thumb Code    44  __scatter.o(!!!scatter)
    __scatterload_rt2_thumb_only             0x080002a1   Thumb Code     0  __scatter.o(!!!scatter)
    __scatterload_null                       0x080002af   Thumb Code     0  __scatter.o(!!!scatter)
    __scatterload_copy                       0x080002d5   Thumb Code    26  __scatter_copy.o(!!handler_copy)
    __scatterload_zeroinit                   0x080002f1   Thumb Code    28  __scatter_zi.o(!!handler_zi)
    __rt_lib_init                            0x0800030d   Thumb Code     0  libinit.o(.ARM.Collect$$libinit$$00000000)
    __rt_lib_init_fp_1                       0x0800030f   Thumb Code     0  libinit2.o(.ARM.Collect$$libinit$$00000001)
    __rt_lib_init_alloca_1                   0x08000313   Thumb Code     0  libinit2.o(.ARM.Collect$$libinit$$0000002E)
    __rt_lib_init_argv_1                     0x08000313   Thumb Code     0  libinit2.o(.ARM.Collect$$libinit$$0000002C)
    __rt_lib_init_atexit_1                   0x08000313   Thumb Code     0  libinit2.o(.ARM.Collect$$libinit$$0000001B)
    __rt_lib_init_clock_1                    0x08000313   Thumb Code     0  libinit2.o(.ARM.Collect$$libinit$$00000021)
    __rt_lib_init_cpp_2                      0x08000313   Thumb Code     0  libinit2.o(.ARM.Collect$$libinit$$00000031)
    __rt_lib_init_exceptions_1               0x08000313   Thumb Code     0  libinit2.o(.ARM.Collect$$libinit$$00000030)
    __rt_lib_init_fp_trap_1                  0x08000313   Thumb Code     0  libinit2.o(.ARM.Collect$$libinit$$0000001F)
    __rt_lib_init_getenv_1                   0x08000313   Thumb Code     0  libinit2.o(.ARM.Collect$$libinit$$00000023)
    __rt_lib_init_heap_1                     0x08000313   Thumb Code     0  libinit2.o(.ARM.Collect$$libinit$$0000000A)
    __rt_lib_init_lc_collate_1               0x08000313   Thumb Code     0  libinit2.o(.ARM.Collect$$libinit$$00000011)
    __rt_lib_init_lc_ctype_1                 0x08000313   Thumb Code     0  libinit2.o(.ARM.Collect$$libinit$$00000013)
    __rt_lib_init_lc_monetary_1              0x08000313   Thumb Code     0  libinit2.o(.ARM.Collect$$libinit$$00000015)
    __rt_lib_init_lc_numeric_1               0x08000313   Thumb Code     0  libinit2.o(.ARM.Collect$$libinit$$00000017)
    __rt_lib_init_lc_time_1                  0x08000313   Thumb Code     0  libinit2.o(.ARM.Collect$$libinit$$00000019)
    __rt_lib_init_preinit_1                  0x08000313   Thumb Code     0  libinit2.o(.ARM.Collect$$libinit$$00000004)
    __rt_lib_init_rand_1                     0x08000313   Thumb Code     0  libinit2.o(.ARM.Collect$$libinit$$0000000E)
    __rt_lib_init_signal_1                   0x08000313   Thumb Code     0  libinit2.o(.ARM.Collect$$libinit$$0000001D)
    __rt_lib_init_stdio_1                    0x08000313   Thumb Code     0  libinit2.o(.ARM.Collect$$libinit$$00000025)
    __rt_lib_init_user_alloc_1               0x08000313   Thumb Code     0  libinit2.o(.ARM.Collect$$libinit$$0000000C)
    __rt_lib_init_cpp_1                      0x08000317   Thumb Code     0  libinit2.o(.ARM.Collect$$libinit$$00000032)
    __rt_lib_init_return                     0x08000317   Thumb Code     0  libinit2.o(.ARM.Collect$$libinit$$00000033)
    __rt_lib_shutdown                        0x08000319   Thumb Code     0  libshutdown.o(.ARM.Collect$$libshutdown$$00000000)
    __rt_lib_shutdown_cpp_1                  0x0800031b   Thumb Code     0  libshutdown2.o(.ARM.Collect$$libshutdown$$00000004)
    __rt_lib_shutdown_fini_1                 0x0800031b   Thumb Code     0  libshutdown2.o(.ARM.Collect$$libshutdown$$00000002)
    __rt_lib_shutdown_fp_trap_1              0x0800031b   Thumb Code     0  libshutdown2.o(.ARM.Collect$$libshutdown$$00000009)
    __rt_lib_shutdown_heap_1                 0x0800031b   Thumb Code     0  libshutdown2.o(.ARM.Collect$$libshutdown$$00000011)
    __rt_lib_shutdown_return                 0x0800031b   Thumb Code     0  libshutdown2.o(.ARM.Collect$$libshutdown$$00000012)
    __rt_lib_shutdown_signal_1               0x0800031b   Thumb Code     0  libshutdown2.o(.ARM.Collect$$libshutdown$$0000000C)
    __rt_lib_shutdown_stdio_1                0x0800031b   Thumb Code     0  libshutdown2.o(.ARM.Collect$$libshutdown$$00000006)
    __rt_lib_shutdown_user_alloc_1           0x0800031b   Thumb Code     0  libshutdown2.o(.ARM.Collect$$libshutdown$$0000000E)
    __rt_entry                               0x0800031d   Thumb Code     0  __rtentry.o(.ARM.Collect$$rtentry$$00000000)
    __rt_entry_presh_1                       0x0800031d   Thumb Code     0  __rtentry2.o(.ARM.Collect$$rtentry$$00000002)
    __rt_entry_sh                            0x0800031d   Thumb Code     0  __rtentry4.o(.ARM.Collect$$rtentry$$00000004)
    __rt_entry_li                            0x08000323   Thumb Code     0  __rtentry2.o(.ARM.Collect$$rtentry$$0000000A)
    __rt_entry_postsh_1                      0x08000323   Thumb Code     0  __rtentry2.o(.ARM.Collect$$rtentry$$00000009)
    __rt_entry_main                          0x08000327   Thumb Code     0  __rtentry2.o(.ARM.Collect$$rtentry$$0000000D)
    __rt_entry_postli_1                      0x08000327   Thumb Code     0  __rtentry2.o(.ARM.Collect$$rtentry$$0000000C)
    __rt_exit                                0x0800032f   Thumb Code     0  rtexit.o(.ARM.Collect$$rtexit$$00000000)
    __rt_exit_ls                             0x08000331   Thumb Code     0  rtexit2.o(.ARM.Collect$$rtexit$$00000003)
    __rt_exit_prels_1                        0x08000331   Thumb Code     0  rtexit2.o(.ARM.Collect$$rtexit$$00000002)
    __rt_exit_exit                           0x08000335   Thumb Code     0  rtexit2.o(.ARM.Collect$$rtexit$$00000004)
    Reset_Handler                            0x0800033d   Thumb Code     8  startup_stm32h743xx.o(.text)
    ADC3_IRQHandler                          0x08000357   Thumb Code     0  startup_stm32h743xx.o(.text)
    ADC_IRQHandler                           0x08000357   Thumb Code     0  startup_stm32h743xx.o(.text)
    BDMA_Channel0_IRQHandler                 0x08000357   Thumb Code     0  startup_stm32h743xx.o(.text)
    BDMA_Channel1_IRQHandler                 0x08000357   Thumb Code     0  startup_stm32h743xx.o(.text)
    BDMA_Channel2_IRQHandler                 0x08000357   Thumb Code     0  startup_stm32h743xx.o(.text)
    BDMA_Channel3_IRQHandler                 0x08000357   Thumb Code     0  startup_stm32h743xx.o(.text)
    BDMA_Channel4_IRQHandler                 0x08000357   Thumb Code     0  startup_stm32h743xx.o(.text)
    BDMA_Channel5_IRQHandler                 0x08000357   Thumb Code     0  startup_stm32h743xx.o(.text)
    BDMA_Channel6_IRQHandler                 0x08000357   Thumb Code     0  startup_stm32h743xx.o(.text)
    BDMA_Channel7_IRQHandler                 0x08000357   Thumb Code     0  startup_stm32h743xx.o(.text)
    CEC_IRQHandler                           0x08000357   Thumb Code     0  startup_stm32h743xx.o(.text)
    COMP1_IRQHandler                         0x08000357   Thumb Code     0  startup_stm32h743xx.o(.text)
    CRS_IRQHandler                           0x08000357   Thumb Code     0  startup_stm32h743xx.o(.text)
    DCMI_IRQHandler                          0x08000357   Thumb Code     0  startup_stm32h743xx.o(.text)
    DFSDM1_FLT0_IRQHandler                   0x08000357   Thumb Code     0  startup_stm32h743xx.o(.text)
    DFSDM1_FLT1_IRQHandler                   0x08000357   Thumb Code     0  startup_stm32h743xx.o(.text)
    DFSDM1_FLT2_IRQHandler                   0x08000357   Thumb Code     0  startup_stm32h743xx.o(.text)
    DFSDM1_FLT3_IRQHandler                   0x08000357   Thumb Code     0  startup_stm32h743xx.o(.text)
    DMA1_Stream1_IRQHandler                  0x08000357   Thumb Code     0  startup_stm32h743xx.o(.text)
    DMA1_Stream2_IRQHandler                  0x08000357   Thumb Code     0  startup_stm32h743xx.o(.text)
    DMA1_Stream3_IRQHandler                  0x08000357   Thumb Code     0  startup_stm32h743xx.o(.text)
    DMA1_Stream4_IRQHandler                  0x08000357   Thumb Code     0  startup_stm32h743xx.o(.text)
    DMA1_Stream5_IRQHandler                  0x08000357   Thumb Code     0  startup_stm32h743xx.o(.text)
    DMA1_Stream6_IRQHandler                  0x08000357   Thumb Code     0  startup_stm32h743xx.o(.text)
    DMA1_Stream7_IRQHandler                  0x08000357   Thumb Code     0  startup_stm32h743xx.o(.text)
    DMA2D_IRQHandler                         0x08000357   Thumb Code     0  startup_stm32h743xx.o(.text)
    DMA2_Stream0_IRQHandler                  0x08000357   Thumb Code     0  startup_stm32h743xx.o(.text)
    DMA2_Stream1_IRQHandler                  0x08000357   Thumb Code     0  startup_stm32h743xx.o(.text)
    DMA2_Stream2_IRQHandler                  0x08000357   Thumb Code     0  startup_stm32h743xx.o(.text)
    DMA2_Stream3_IRQHandler                  0x08000357   Thumb Code     0  startup_stm32h743xx.o(.text)
    DMA2_Stream4_IRQHandler                  0x08000357   Thumb Code     0  startup_stm32h743xx.o(.text)
    DMA2_Stream5_IRQHandler                  0x08000357   Thumb Code     0  startup_stm32h743xx.o(.text)
    DMA2_Stream6_IRQHandler                  0x08000357   Thumb Code     0  startup_stm32h743xx.o(.text)
    DMA2_Stream7_IRQHandler                  0x08000357   Thumb Code     0  startup_stm32h743xx.o(.text)
    DMAMUX1_OVR_IRQHandler                   0x08000357   Thumb Code     0  startup_stm32h743xx.o(.text)
    DMAMUX2_OVR_IRQHandler                   0x08000357   Thumb Code     0  startup_stm32h743xx.o(.text)
    ECC_IRQHandler                           0x08000357   Thumb Code     0  startup_stm32h743xx.o(.text)
    ETH_IRQHandler                           0x08000357   Thumb Code     0  startup_stm32h743xx.o(.text)
    ETH_WKUP_IRQHandler                      0x08000357   Thumb Code     0  startup_stm32h743xx.o(.text)
    EXTI0_IRQHandler                         0x08000357   Thumb Code     0  startup_stm32h743xx.o(.text)
    EXTI15_10_IRQHandler                     0x08000357   Thumb Code     0  startup_stm32h743xx.o(.text)
    EXTI1_IRQHandler                         0x08000357   Thumb Code     0  startup_stm32h743xx.o(.text)
    EXTI2_IRQHandler                         0x08000357   Thumb Code     0  startup_stm32h743xx.o(.text)
    EXTI3_IRQHandler                         0x08000357   Thumb Code     0  startup_stm32h743xx.o(.text)
    EXTI4_IRQHandler                         0x08000357   Thumb Code     0  startup_stm32h743xx.o(.text)
    EXTI9_5_IRQHandler                       0x08000357   Thumb Code     0  startup_stm32h743xx.o(.text)
    FDCAN1_IT0_IRQHandler                    0x08000357   Thumb Code     0  startup_stm32h743xx.o(.text)
    FDCAN1_IT1_IRQHandler                    0x08000357   Thumb Code     0  startup_stm32h743xx.o(.text)
    FDCAN2_IT0_IRQHandler                    0x08000357   Thumb Code     0  startup_stm32h743xx.o(.text)
    FDCAN2_IT1_IRQHandler                    0x08000357   Thumb Code     0  startup_stm32h743xx.o(.text)
    FDCAN_CAL_IRQHandler                     0x08000357   Thumb Code     0  startup_stm32h743xx.o(.text)
    FLASH_IRQHandler                         0x08000357   Thumb Code     0  startup_stm32h743xx.o(.text)
    FMC_IRQHandler                           0x08000357   Thumb Code     0  startup_stm32h743xx.o(.text)
    FPU_IRQHandler                           0x08000357   Thumb Code     0  startup_stm32h743xx.o(.text)
    HRTIM1_FLT_IRQHandler                    0x08000357   Thumb Code     0  startup_stm32h743xx.o(.text)
    HRTIM1_Master_IRQHandler                 0x08000357   Thumb Code     0  startup_stm32h743xx.o(.text)
    HRTIM1_TIMA_IRQHandler                   0x08000357   Thumb Code     0  startup_stm32h743xx.o(.text)
    HRTIM1_TIMB_IRQHandler                   0x08000357   Thumb Code     0  startup_stm32h743xx.o(.text)
    HRTIM1_TIMC_IRQHandler                   0x08000357   Thumb Code     0  startup_stm32h743xx.o(.text)
    HRTIM1_TIMD_IRQHandler                   0x08000357   Thumb Code     0  startup_stm32h743xx.o(.text)
    HRTIM1_TIME_IRQHandler                   0x08000357   Thumb Code     0  startup_stm32h743xx.o(.text)
    HSEM1_IRQHandler                         0x08000357   Thumb Code     0  startup_stm32h743xx.o(.text)
    I2C1_ER_IRQHandler                       0x08000357   Thumb Code     0  startup_stm32h743xx.o(.text)
    I2C1_EV_IRQHandler                       0x08000357   Thumb Code     0  startup_stm32h743xx.o(.text)
    I2C2_ER_IRQHandler                       0x08000357   Thumb Code     0  startup_stm32h743xx.o(.text)
    I2C2_EV_IRQHandler                       0x08000357   Thumb Code     0  startup_stm32h743xx.o(.text)
    I2C3_ER_IRQHandler                       0x08000357   Thumb Code     0  startup_stm32h743xx.o(.text)
    I2C3_EV_IRQHandler                       0x08000357   Thumb Code     0  startup_stm32h743xx.o(.text)
    I2C4_ER_IRQHandler                       0x08000357   Thumb Code     0  startup_stm32h743xx.o(.text)
    I2C4_EV_IRQHandler                       0x08000357   Thumb Code     0  startup_stm32h743xx.o(.text)
    JPEG_IRQHandler                          0x08000357   Thumb Code     0  startup_stm32h743xx.o(.text)
    LPTIM1_IRQHandler                        0x08000357   Thumb Code     0  startup_stm32h743xx.o(.text)
    LPTIM2_IRQHandler                        0x08000357   Thumb Code     0  startup_stm32h743xx.o(.text)
    LPTIM3_IRQHandler                        0x08000357   Thumb Code     0  startup_stm32h743xx.o(.text)
    LPTIM4_IRQHandler                        0x08000357   Thumb Code     0  startup_stm32h743xx.o(.text)
    LPTIM5_IRQHandler                        0x08000357   Thumb Code     0  startup_stm32h743xx.o(.text)
    LPUART1_IRQHandler                       0x08000357   Thumb Code     0  startup_stm32h743xx.o(.text)
    LTDC_ER_IRQHandler                       0x08000357   Thumb Code     0  startup_stm32h743xx.o(.text)
    LTDC_IRQHandler                          0x08000357   Thumb Code     0  startup_stm32h743xx.o(.text)
    MDIOS_IRQHandler                         0x08000357   Thumb Code     0  startup_stm32h743xx.o(.text)
    MDIOS_WKUP_IRQHandler                    0x08000357   Thumb Code     0  startup_stm32h743xx.o(.text)
    MDMA_IRQHandler                          0x08000357   Thumb Code     0  startup_stm32h743xx.o(.text)
    OTG_FS_EP1_IN_IRQHandler                 0x08000357   Thumb Code     0  startup_stm32h743xx.o(.text)
    OTG_FS_EP1_OUT_IRQHandler                0x08000357   Thumb Code     0  startup_stm32h743xx.o(.text)
    OTG_FS_IRQHandler                        0x08000357   Thumb Code     0  startup_stm32h743xx.o(.text)
    OTG_FS_WKUP_IRQHandler                   0x08000357   Thumb Code     0  startup_stm32h743xx.o(.text)
    OTG_HS_EP1_IN_IRQHandler                 0x08000357   Thumb Code     0  startup_stm32h743xx.o(.text)
    OTG_HS_EP1_OUT_IRQHandler                0x08000357   Thumb Code     0  startup_stm32h743xx.o(.text)
    OTG_HS_IRQHandler                        0x08000357   Thumb Code     0  startup_stm32h743xx.o(.text)
    OTG_HS_WKUP_IRQHandler                   0x08000357   Thumb Code     0  startup_stm32h743xx.o(.text)
    PVD_AVD_IRQHandler                       0x08000357   Thumb Code     0  startup_stm32h743xx.o(.text)
    QUADSPI_IRQHandler                       0x08000357   Thumb Code     0  startup_stm32h743xx.o(.text)
    RCC_IRQHandler                           0x08000357   Thumb Code     0  startup_stm32h743xx.o(.text)
    RNG_IRQHandler                           0x08000357   Thumb Code     0  startup_stm32h743xx.o(.text)
    RTC_Alarm_IRQHandler                     0x08000357   Thumb Code     0  startup_stm32h743xx.o(.text)
    RTC_WKUP_IRQHandler                      0x08000357   Thumb Code     0  startup_stm32h743xx.o(.text)
    SAI1_IRQHandler                          0x08000357   Thumb Code     0  startup_stm32h743xx.o(.text)
    SAI2_IRQHandler                          0x08000357   Thumb Code     0  startup_stm32h743xx.o(.text)
    SAI3_IRQHandler                          0x08000357   Thumb Code     0  startup_stm32h743xx.o(.text)
    SAI4_IRQHandler                          0x08000357   Thumb Code     0  startup_stm32h743xx.o(.text)
    SDMMC1_IRQHandler                        0x08000357   Thumb Code     0  startup_stm32h743xx.o(.text)
    SDMMC2_IRQHandler                        0x08000357   Thumb Code     0  startup_stm32h743xx.o(.text)
    SPDIF_RX_IRQHandler                      0x08000357   Thumb Code     0  startup_stm32h743xx.o(.text)
    SPI1_IRQHandler                          0x08000357   Thumb Code     0  startup_stm32h743xx.o(.text)
    SPI2_IRQHandler                          0x08000357   Thumb Code     0  startup_stm32h743xx.o(.text)
    SPI3_IRQHandler                          0x08000357   Thumb Code     0  startup_stm32h743xx.o(.text)
    SPI4_IRQHandler                          0x08000357   Thumb Code     0  startup_stm32h743xx.o(.text)
    SPI5_IRQHandler                          0x08000357   Thumb Code     0  startup_stm32h743xx.o(.text)
    SPI6_IRQHandler                          0x08000357   Thumb Code     0  startup_stm32h743xx.o(.text)
    SWPMI1_IRQHandler                        0x08000357   Thumb Code     0  startup_stm32h743xx.o(.text)
    TAMP_STAMP_IRQHandler                    0x08000357   Thumb Code     0  startup_stm32h743xx.o(.text)
    TIM15_IRQHandler                         0x08000357   Thumb Code     0  startup_stm32h743xx.o(.text)
    TIM16_IRQHandler                         0x08000357   Thumb Code     0  startup_stm32h743xx.o(.text)
    TIM17_IRQHandler                         0x08000357   Thumb Code     0  startup_stm32h743xx.o(.text)
    TIM1_BRK_IRQHandler                      0x08000357   Thumb Code     0  startup_stm32h743xx.o(.text)
    TIM1_CC_IRQHandler                       0x08000357   Thumb Code     0  startup_stm32h743xx.o(.text)
    TIM1_TRG_COM_IRQHandler                  0x08000357   Thumb Code     0  startup_stm32h743xx.o(.text)
    TIM1_UP_IRQHandler                       0x08000357   Thumb Code     0  startup_stm32h743xx.o(.text)
    TIM4_IRQHandler                          0x08000357   Thumb Code     0  startup_stm32h743xx.o(.text)
    TIM5_IRQHandler                          0x08000357   Thumb Code     0  startup_stm32h743xx.o(.text)
    TIM6_DAC_IRQHandler                      0x08000357   Thumb Code     0  startup_stm32h743xx.o(.text)
    TIM7_IRQHandler                          0x08000357   Thumb Code     0  startup_stm32h743xx.o(.text)
    TIM8_BRK_TIM12_IRQHandler                0x08000357   Thumb Code     0  startup_stm32h743xx.o(.text)
    TIM8_CC_IRQHandler                       0x08000357   Thumb Code     0  startup_stm32h743xx.o(.text)
    TIM8_TRG_COM_TIM14_IRQHandler            0x08000357   Thumb Code     0  startup_stm32h743xx.o(.text)
    TIM8_UP_TIM13_IRQHandler                 0x08000357   Thumb Code     0  startup_stm32h743xx.o(.text)
    UART4_IRQHandler                         0x08000357   Thumb Code     0  startup_stm32h743xx.o(.text)
    UART5_IRQHandler                         0x08000357   Thumb Code     0  startup_stm32h743xx.o(.text)
    UART7_IRQHandler                         0x08000357   Thumb Code     0  startup_stm32h743xx.o(.text)
    UART8_IRQHandler                         0x08000357   Thumb Code     0  startup_stm32h743xx.o(.text)
    USART3_IRQHandler                        0x08000357   Thumb Code     0  startup_stm32h743xx.o(.text)
    USART6_IRQHandler                        0x08000357   Thumb Code     0  startup_stm32h743xx.o(.text)
    WAKEUP_PIN_IRQHandler                    0x08000357   Thumb Code     0  startup_stm32h743xx.o(.text)
    WWDG_IRQHandler                          0x08000357   Thumb Code     0  startup_stm32h743xx.o(.text)
    __user_initial_stackheap                 0x08000359   Thumb Code     0  startup_stm32h743xx.o(.text)
    __aeabi_uldivmod                         0x0800037d   Thumb Code     0  lludivv7m.o(.text)
    _ll_udiv                                 0x0800037d   Thumb Code   238  lludivv7m.o(.text)
    __aeabi_memcpy4                          0x0800046b   Thumb Code     0  rt_memcpy_w.o(.text)
    __aeabi_memcpy8                          0x0800046b   Thumb Code     0  rt_memcpy_w.o(.text)
    __rt_memcpy_w                            0x0800046b   Thumb Code   100  rt_memcpy_w.o(.text)
    _memcpy_lastbytes_aligned                0x080004b3   Thumb Code     0  rt_memcpy_w.o(.text)
    __aeabi_memclr4                          0x080004cf   Thumb Code     0  rt_memclr_w.o(.text)
    __aeabi_memclr8                          0x080004cf   Thumb Code     0  rt_memclr_w.o(.text)
    __rt_memclr_w                            0x080004cf   Thumb Code    78  rt_memclr_w.o(.text)
    _memset_w                                0x080004d3   Thumb Code     0  rt_memclr_w.o(.text)
    __use_two_region_memory                  0x0800051d   Thumb Code     2  heapauxi.o(.text)
    __rt_heap_escrow$2region                 0x0800051f   Thumb Code     2  heapauxi.o(.text)
    __rt_heap_expand$2region                 0x08000521   Thumb Code     2  heapauxi.o(.text)
    __cpp_initialize__aeabi_                 0x08000525   Thumb Code    26  init_aeabi.o(.text)
    __user_libspace                          0x08000549   Thumb Code     8  libspace.o(.text)
    __user_perproc_libspace                  0x08000549   Thumb Code     0  libspace.o(.text)
    __user_perthread_libspace                0x08000549   Thumb Code     0  libspace.o(.text)
    __user_setup_stackheap                   0x08000551   Thumb Code    74  sys_stackheap_outer.o(.text)
    exit                                     0x0800059b   Thumb Code    18  exit.o(.text)
    _sys_exit                                0x080005ad   Thumb Code     8  sys_exit.o(.text)
    __I$use$semihosting                      0x080005b9   Thumb Code     0  use_no_semi.o(.text)
    __use_no_semihosting_swi                 0x080005b9   Thumb Code     2  use_no_semi.o(.text)
    BusFault_Handler                         0x080005bb   Thumb Code     2  stm32h7xx_it.o(i.BusFault_Handler)
    __semihosting_library_function           0x080005bb   Thumb Code     0  indicate_semi.o(.text)
    DMA1_Stream0_IRQHandler                  0x080005bd   Thumb Code     6  stm32h7xx_it.o(i.DMA1_Stream0_IRQHandler)
    DebugMon_Handler                         0x080005c9   Thumb Code     2  stm32h7xx_it.o(i.DebugMon_Handler)
    Error_Handler                            0x080005cb   Thumb Code     4  main.o(i.Error_Handler)
    Get_IMU_Data                             0x080005cf   Thumb Code     2  imu.o(i.Get_IMU_Data)
    HAL_DMA_Abort                            0x080005d1   Thumb Code   850  stm32h7xx_hal_dma.o(i.HAL_DMA_Abort)
    HAL_DMA_Abort_IT                         0x08000931   Thumb Code   606  stm32h7xx_hal_dma.o(i.HAL_DMA_Abort_IT)
    HAL_DMA_IRQHandler                       0x08000b9d   Thumb Code  1766  stm32h7xx_hal_dma.o(i.HAL_DMA_IRQHandler)
    HAL_DMA_Init                             0x08001291   Thumb Code   920  stm32h7xx_hal_dma.o(i.HAL_DMA_Init)
    HAL_DMA_Start_IT                         0x08001641   Thumb Code   680  stm32h7xx_hal_dma.o(i.HAL_DMA_Start_IT)
    HAL_GPIO_Init                            0x080018f5   Thumb Code   426  stm32h7xx_hal_gpio.o(i.HAL_GPIO_Init)
    HAL_GPIO_WritePin                        0x08001ad1   Thumb Code    10  stm32h7xx_hal_gpio.o(i.HAL_GPIO_WritePin)
    HAL_GetREVID                             0x08001add   Thumb Code     8  stm32h7xx_hal.o(i.HAL_GetREVID)
    HAL_GetTick                              0x08001ae9   Thumb Code     6  stm32h7xx_hal.o(i.HAL_GetTick)
    HAL_I2CEx_ConfigAnalogFilter             0x08001af5   Thumb Code    86  stm32h7xx_hal_i2c_ex.o(i.HAL_I2CEx_ConfigAnalogFilter)
    HAL_I2CEx_ConfigDigitalFilter            0x08001b4b   Thumb Code    82  stm32h7xx_hal_i2c_ex.o(i.HAL_I2CEx_ConfigDigitalFilter)
    HAL_I2C_Init                             0x08001b9d   Thumb Code   184  stm32h7xx_hal_i2c.o(i.HAL_I2C_Init)
    HAL_I2C_MspInit                          0x08001c59   Thumb Code   122  i2c.o(i.HAL_I2C_MspInit)
    HAL_IncTick                              0x08001ce1   Thumb Code    12  stm32h7xx_hal.o(i.HAL_IncTick)
    HAL_Init                                 0x08001cf1   Thumb Code    74  stm32h7xx_hal.o(i.HAL_Init)
    HAL_InitTick                             0x08001d4d   Thumb Code    56  stm32h7xx_hal.o(i.HAL_InitTick)
    HAL_MspInit                              0x08001d8d   Thumb Code    22  stm32h7xx_hal_msp.o(i.HAL_MspInit)
    HAL_NVIC_EnableIRQ                       0x08001da9   Thumb Code    26  stm32h7xx_hal_cortex.o(i.HAL_NVIC_EnableIRQ)
    HAL_NVIC_SetPriority                     0x08001dc5   Thumb Code    60  stm32h7xx_hal_cortex.o(i.HAL_NVIC_SetPriority)
    HAL_NVIC_SetPriorityGrouping             0x08001e05   Thumb Code    26  stm32h7xx_hal_cortex.o(i.HAL_NVIC_SetPriorityGrouping)
    HAL_PWREx_ConfigSupply                   0x08001e29   Thumb Code    76  stm32h7xx_hal_pwr_ex.o(i.HAL_PWREx_ConfigSupply)
    HAL_RCCEx_GetD3PCLK1Freq                 0x08001e79   Thumb Code    26  stm32h7xx_hal_rcc_ex.o(i.HAL_RCCEx_GetD3PCLK1Freq)
    HAL_RCCEx_GetPLL2ClockFreq               0x08001e9d   Thumb Code   290  stm32h7xx_hal_rcc_ex.o(i.HAL_RCCEx_GetPLL2ClockFreq)
    HAL_RCCEx_GetPLL3ClockFreq               0x08001fd9   Thumb Code   290  stm32h7xx_hal_rcc_ex.o(i.HAL_RCCEx_GetPLL3ClockFreq)
    HAL_RCCEx_PeriphCLKConfig                0x08002115   Thumb Code  2468  stm32h7xx_hal_rcc_ex.o(i.HAL_RCCEx_PeriphCLKConfig)
    HAL_RCC_ClockConfig                      0x08002abd   Thumb Code   590  stm32h7xx_hal_rcc.o(i.HAL_RCC_ClockConfig)
    HAL_RCC_GetHCLKFreq                      0x08002d2d   Thumb Code    52  stm32h7xx_hal_rcc.o(i.HAL_RCC_GetHCLKFreq)
    HAL_RCC_GetPCLK1Freq                     0x08002d71   Thumb Code    26  stm32h7xx_hal_rcc.o(i.HAL_RCC_GetPCLK1Freq)
    HAL_RCC_GetPCLK2Freq                     0x08002d95   Thumb Code    26  stm32h7xx_hal_rcc.o(i.HAL_RCC_GetPCLK2Freq)
    HAL_RCC_GetSysClockFreq                  0x08002db9   Thumb Code   270  stm32h7xx_hal_rcc.o(i.HAL_RCC_GetSysClockFreq)
    HAL_RCC_OscConfig                        0x08002ee9   Thumb Code  1390  stm32h7xx_hal_rcc.o(i.HAL_RCC_OscConfig)
    HAL_SPI_Init                             0x08003459   Thumb Code   356  stm32h7xx_hal_spi.o(i.HAL_SPI_Init)
    HAL_SPI_MspInit                          0x080035c9   Thumb Code   166  spi.o(i.HAL_SPI_MspInit)
    HAL_SYSTICK_Config                       0x0800367d   Thumb Code    40  stm32h7xx_hal_cortex.o(i.HAL_SYSTICK_Config)
    HAL_TIMEx_Break2Callback                 0x080036a5   Thumb Code     2  stm32h7xx_hal_tim_ex.o(i.HAL_TIMEx_Break2Callback)
    HAL_TIMEx_BreakCallback                  0x080036a7   Thumb Code     2  stm32h7xx_hal_tim_ex.o(i.HAL_TIMEx_BreakCallback)
    HAL_TIMEx_CommutCallback                 0x080036a9   Thumb Code     2  stm32h7xx_hal_tim_ex.o(i.HAL_TIMEx_CommutCallback)
    HAL_TIMEx_MasterConfigSynchronization    0x080036ad   Thumb Code   136  stm32h7xx_hal_tim_ex.o(i.HAL_TIMEx_MasterConfigSynchronization)
    HAL_TIM_Base_Init                        0x08003751   Thumb Code    98  stm32h7xx_hal_tim.o(i.HAL_TIM_Base_Init)
    HAL_TIM_Base_MspInit                     0x080037b5   Thumb Code    86  tim.o(i.HAL_TIM_Base_MspInit)
    HAL_TIM_Base_Start_IT                    0x08003815   Thumb Code   106  stm32h7xx_hal_tim.o(i.HAL_TIM_Base_Start_IT)
    HAL_TIM_ConfigClockSource                0x080038a1   Thumb Code   248  stm32h7xx_hal_tim.o(i.HAL_TIM_ConfigClockSource)
    HAL_TIM_IC_CaptureCallback               0x0800399d   Thumb Code     2  stm32h7xx_hal_tim.o(i.HAL_TIM_IC_CaptureCallback)
    HAL_TIM_IRQHandler                       0x0800399f   Thumb Code   330  stm32h7xx_hal_tim.o(i.HAL_TIM_IRQHandler)
    HAL_TIM_OC_DelayElapsedCallback          0x08003ae9   Thumb Code     2  stm32h7xx_hal_tim.o(i.HAL_TIM_OC_DelayElapsedCallback)
    HAL_TIM_PWM_PulseFinishedCallback        0x08003aeb   Thumb Code     2  stm32h7xx_hal_tim.o(i.HAL_TIM_PWM_PulseFinishedCallback)
    HAL_TIM_PeriodElapsedCallback            0x08003aed   Thumb Code    40  main.o(i.HAL_TIM_PeriodElapsedCallback)
    HAL_TIM_TriggerCallback                  0x08003b21   Thumb Code     2  stm32h7xx_hal_tim.o(i.HAL_TIM_TriggerCallback)
    HAL_UARTEx_DisableFifoMode               0x08003b23   Thumb Code    62  stm32h7xx_hal_uart_ex.o(i.HAL_UARTEx_DisableFifoMode)
    HAL_UARTEx_ReceiveToIdle_DMA             0x08003b61   Thumb Code    82  stm32h7xx_hal_uart_ex.o(i.HAL_UARTEx_ReceiveToIdle_DMA)
    HAL_UARTEx_RxEventCallback               0x08003bb5   Thumb Code    32  callback_uart.o(i.HAL_UARTEx_RxEventCallback)
    HAL_UARTEx_RxFifoFullCallback            0x08003be1   Thumb Code     2  stm32h7xx_hal_uart_ex.o(i.HAL_UARTEx_RxFifoFullCallback)
    HAL_UARTEx_SetRxFifoThreshold            0x08003be3   Thumb Code    76  stm32h7xx_hal_uart_ex.o(i.HAL_UARTEx_SetRxFifoThreshold)
    HAL_UARTEx_SetTxFifoThreshold            0x08003c2f   Thumb Code    76  stm32h7xx_hal_uart_ex.o(i.HAL_UARTEx_SetTxFifoThreshold)
    HAL_UARTEx_TxFifoEmptyCallback           0x08003c7b   Thumb Code     2  stm32h7xx_hal_uart_ex.o(i.HAL_UARTEx_TxFifoEmptyCallback)
    HAL_UARTEx_WakeupCallback                0x08003c7d   Thumb Code     2  stm32h7xx_hal_uart_ex.o(i.HAL_UARTEx_WakeupCallback)
    HAL_UART_ErrorCallback                   0x08003c81   Thumb Code    20  callback_uart.o(i.HAL_UART_ErrorCallback)
    HAL_UART_IRQHandler                      0x08003ca1   Thumb Code   880  stm32h7xx_hal_uart.o(i.HAL_UART_IRQHandler)
    HAL_UART_Init                            0x08004025   Thumb Code   106  stm32h7xx_hal_uart.o(i.HAL_UART_Init)
    HAL_UART_MspInit                         0x08004091   Thumb Code   286  usart.o(i.HAL_UART_MspInit)
    HAL_UART_Receive_IT                      0x080041cd   Thumb Code    66  stm32h7xx_hal_uart.o(i.HAL_UART_Receive_IT)
    HAL_UART_RxCpltCallback                  0x08004215   Thumb Code    32  callback_uart.o(i.HAL_UART_RxCpltCallback)
    HAL_UART_RxHalfCpltCallback              0x08004245   Thumb Code     2  stm32h7xx_hal_uart.o(i.HAL_UART_RxHalfCpltCallback)
    HAL_UART_TxCpltCallback                  0x08004247   Thumb Code     2  stm32h7xx_hal_uart.o(i.HAL_UART_TxCpltCallback)
    HardFault_Handler                        0x08004249   Thumb Code     2  stm32h7xx_it.o(i.HardFault_Handler)
    IMU_Init                                 0x0800424d   Thumb Code    38  imu.o(i.IMU_Init)
    IMU_hook                                 0x0800427d   Thumb Code    40  imu.o(i.IMU_hook)
    IMU_uart_callback                        0x080042a5   Thumb Code   108  imu.o(i.IMU_uart_callback)
    INS_Init                                 0x08004315   Thumb Code    14  ins.o(i.INS_Init)
    INS_region_cal                           0x0800432d   Thumb Code   972  ins.o(i.INS_region_cal)
    MX_DMA_Init                              0x08004721   Thumb Code    40  dma.o(i.MX_DMA_Init)
    MX_GPIO_Init                             0x0800474d   Thumb Code   246  gpio.o(i.MX_GPIO_Init)
    MX_I2C2_Init                             0x08004859   Thumb Code    76  i2c.o(i.MX_I2C2_Init)
    MX_SPI3_Init                             0x080048b1   Thumb Code    88  spi.o(i.MX_SPI3_Init)
    MX_TIM2_Init                             0x08004911   Thumb Code    98  tim.o(i.MX_TIM2_Init)
    MX_TIM3_Init                             0x08004979   Thumb Code    96  tim.o(i.MX_TIM3_Init)
    MX_USART1_UART_Init                      0x080049e1   Thumb Code    94  usart.o(i.MX_USART1_UART_Init)
    MX_USART2_UART_Init                      0x08004a49   Thumb Code    94  usart.o(i.MX_USART2_UART_Init)
    MemManage_Handler                        0x08004ab1   Thumb Code     2  stm32h7xx_it.o(i.MemManage_Handler)
    NMI_Handler                              0x08004ab3   Thumb Code     2  stm32h7xx_it.o(i.NMI_Handler)
    OLED_Clear                               0x08004ab5   Thumb Code    38  oled.o(i.OLED_Clear)
    OLED_Init                                0x08004adb   Thumb Code   172  oled.o(i.OLED_Init)
    PendSV_Handler                           0x08004b87   Thumb Code     2  stm32h7xx_it.o(i.PendSV_Handler)
    SVC_Handler                              0x08004b89   Thumb Code     2  stm32h7xx_it.o(i.SVC_Handler)
    SysTick_Handler                          0x08004b8b   Thumb Code     4  stm32h7xx_it.o(i.SysTick_Handler)
    SystemInit                               0x08004b91   Thumb Code   180  system_stm32h7xx.o(i.SystemInit)
    TIM2_IRQHandler                          0x08004c6d   Thumb Code     6  stm32h7xx_it.o(i.TIM2_IRQHandler)
    TIM3_IRQHandler                          0x08004c79   Thumb Code     6  stm32h7xx_it.o(i.TIM3_IRQHandler)
    TIM_Base_SetConfig                       0x08004c85   Thumb Code   174  stm32h7xx_hal_tim.o(i.TIM_Base_SetConfig)
    TIM_ETR_SetConfig                        0x08004d55   Thumb Code    20  stm32h7xx_hal_tim.o(i.TIM_ETR_SetConfig)
    UART_AdvFeatureConfig                    0x08004d69   Thumb Code   200  stm32h7xx_hal_uart.o(i.UART_AdvFeatureConfig)
    UART_CheckIdleState                      0x08004e31   Thumb Code   172  stm32h7xx_hal_uart.o(i.UART_CheckIdleState)
    UART_SetConfig                           0x08004edd   Thumb Code   862  stm32h7xx_hal_uart.o(i.UART_SetConfig)
    UART_Start_Receive_DMA                   0x08005279   Thumb Code   158  stm32h7xx_hal_uart.o(i.UART_Start_Receive_DMA)
    UART_Start_Receive_IT                    0x08005325   Thumb Code   256  stm32h7xx_hal_uart.o(i.UART_Start_Receive_IT)
    UART_WaitOnFlagUntilTimeout              0x08005435   Thumb Code   146  stm32h7xx_hal_uart.o(i.UART_WaitOnFlagUntilTimeout)
    USART1_IRQHandler                        0x080054c9   Thumb Code     6  stm32h7xx_it.o(i.USART1_IRQHandler)
    USART2_IRQHandler                        0x080054d5   Thumb Code     6  stm32h7xx_it.o(i.USART2_IRQHandler)
    UsageFault_Handler                       0x080054e1   Thumb Code     2  stm32h7xx_it.o(i.UsageFault_Handler)
    OLED_I2C_Init()                          0x080054e5   Thumb Code    28  oled.o(i._Z13OLED_I2C_Initv)
    OLED_I2C_Stop()                          0x08005505   Thumb Code    38  oled.o(i._Z13OLED_I2C_Stopv)
    OLED_I2C_Start()                         0x08005531   Thumb Code    48  oled.o(i._Z14OLED_I2C_Startv)
    OLED_SetCursor(unsigned char, unsigned char) 0x08005565   Thumb Code    34  oled.o(i._Z14OLED_SetCursorhh)
    OLED_WriteData(unsigned char)            0x08005587   Thumb Code    34  oled.o(i._Z14OLED_WriteDatah)
    OLED_I2C_SendByte(unsigned char)         0x080055a9   Thumb Code    78  oled.o(i._Z17OLED_I2C_SendByteh)
    OLED_WriteCommand(unsigned char)         0x080055fd   Thumb Code    34  oled.o(i._Z17OLED_WriteCommandh)
    SystemClock_Config()                     0x08005621   Thumb Code   154  main.o(i._Z18SystemClock_Configv)
    UWB_Modbus_data_processing(UWB_t*)       0x080056c5   Thumb Code    62  uwb.o(i._Z26UWB_Modbus_data_processingP5UWB_t)
    Vector3::Vector3()                       0x080065f1   Thumb Code    18  ins.o(i._ZN7Vector3C1Ev)
    Vector3::Vector3__sub_object()           0x080065f1   Thumb Code     0  ins.o(i._ZN7Vector3C1Ev)
    vector3f::cross(Matrixf<(int)3, (int)3>, Matrixf<(int)3, (int)1>) 0x0800660d   Thumb Code    42  matrix.o(i._ZN8vector3f5crossE7MatrixfILi3ELi3EES0_ILi3ELi1EE)
    operator *(const Vector3&, float)        0x08006637   Thumb Code    64  ins.o(i._ZmlRK7Vector3f)
    operator +(const Vector3&, const Vector3&) 0x08006677   Thumb Code    38  ins.o(i._ZplRK7Vector3S1_)
    arm_mat_init_f32                         0x0800670d   Thumb Code     8  matrixfunctions.o(i.arm_mat_init_f32)
    arm_mat_mult_f32                         0x08006715   Thumb Code   106  matrixfunctions.o(i.arm_mat_mult_f32)
    arm_mat_sub_f32                          0x08006785   Thumb Code    42  matrixfunctions.o(i.arm_mat_sub_f32)
    main                                     0x080067b1   Thumb Code    78  main.o(i.main)
    Matrixf<(int)3, (int)1>::Matrixf(float*) 0x08006815   Thumb Code    22  ins.o(t._ZN7MatrixfILi3ELi1EEC1EPf)
    Matrixf<(int)3, (int)1>::Matrixf__sub_object(float*) 0x08006815   Thumb Code     0  ins.o(t._ZN7MatrixfILi3ELi1EEC1EPf)
    Matrixf<(int)3, (int)1>::Matrixf()       0x0800682b   Thumb Code    30  ins.o(t._ZN7MatrixfILi3ELi1EEC1Ev)
    Matrixf<(int)3, (int)1>::Matrixf__sub_object() 0x0800682b   Thumb Code     0  ins.o(t._ZN7MatrixfILi3ELi1EEC1Ev)
    Matrixf<(int)3, (int)3>::Matrixf()       0x08006849   Thumb Code    28  ins.o(t._ZN7MatrixfILi3ELi3EEC1Ev)
    Matrixf<(int)3, (int)3>::Matrixf__sub_object() 0x08006849   Thumb Code     0  ins.o(t._ZN7MatrixfILi3ELi3EEC1Ev)
    _fp_init                                 0x08006865   Thumb Code    10  fpinit.o(x$fpl$fpinit)
    __fplib_config_fpu_vfp                   0x0800686d   Thumb Code     0  fpinit.o(x$fpl$fpinit)
    __fplib_config_pureend_doubles           0x0800686d   Thumb Code     0  fpinit.o(x$fpl$fpinit)
    UARTPrescTable                           0x08006876   Data          24  stm32h7xx_hal_uart.o(.constdata)
    D1CorePrescTable                         0x0800689e   Data          16  system_stm32h7xx.o(.constdata)
    Region$$Table$$Base                      0x080068b0   Number         0  anon$$obj.o(Region$$Table)
    Region$$Table$$Limit                     0x080068d0   Number         0  anon$$obj.o(Region$$Table)
    SHT$$INIT_ARRAY$$Base                    0x080068d0   Number         0  ins.o(.init_array)
    SHT$$INIT_ARRAY$$Limit                   0x080068d4   Number         0  init_aeabi.o(.init_array)
    uwTickFreq                               0x24000004   Data           1  stm32h7xx_hal.o(.data)
    uwTickPrio                               0x24000008   Data           4  stm32h7xx_hal.o(.data)
    uwTick                                   0x2400000c   Data           4  stm32h7xx_hal.o(.data)
    SystemCoreClock                          0x24000010   Data           4  system_stm32h7xx.o(.data)
    SystemD2Clock                            0x24000014   Data           4  system_stm32h7xx.o(.data)
    INS                                      0x24000018   Data           4  ins.o(.data)
    Gg_acc                                   0x2400001c   Data          12  ins.o(.data)
    IMU_hook_fun                             0x2400002c   Data          12  imu.o(.data)
    hi2c2                                    0x24000038   Data          84  i2c.o(.bss)
    hspi3                                    0x2400008c   Data         136  spi.o(.bss)
    htim2                                    0x24000114   Data          76  tim.o(.bss)
    htim3                                    0x24000160   Data          76  tim.o(.bss)
    huart1                                   0x240001ac   Data         148  usart.o(.bss)
    huart2                                   0x24000240   Data         148  usart.o(.bss)
    hdma_usart2_rx                           0x240002d4   Data         120  usart.o(.bss)
    rotate                                   0x24000350   Data          36  ins.o(.bss)
    acc                                      0x24000374   Data          12  ins.o(.bss)
    out                                      0x24000380   Data          12  ins.o(.bss)
    INS_acc                                  0x24000390   Data          24  ins.o(.bss)
    INS_last_v                               0x240003a8   Data          24  ins.o(.bss)
    INS_location                             0x240003c0   Data          24  ins.o(.bss)
    INS_last_location                        0x240003d8   Data          24  ins.o(.bss)
    INS_v_sum                                0x240003f0   Data          24  ins.o(.bss)
    q_initial                                0x24000408   Data          32  ins.o(.bss)
    g_world                                  0x24000428   Data          32  ins.o(.bss)
    UWB                                      0x24000448   Data         262  uwb.o(.bss)
    IMU931                                   0x24000550   Data         384  imu.o(.bss)
    __libspace_start                         0x240006d0   Data          96  libspace.o(.bss)
    Matrixf<(int)3, (int)1>::getData_to_vector(Vector3&)::temp 0x24000730   Data          12  ins.o(.bss__ZZN7MatrixfILi3ELi1EE17getData_to_vectorER7Vector3E4temp)
    __temporary_stack_top$libspace           0x24000730   Data           0  libspace.o(.bss)



==============================================================================

Memory Map of the image

  Image Entry point : 0x08000299

  Load Region LR_IROM1 (Base: 0x08000000, Size: 0x0000690c, Max: 0x00200000, ABSOLUTE)

    Execution Region ER_IROM1 (Exec base: 0x08000000, Load base: 0x08000000, Size: 0x000068d4, Max: 0x00200000, ABSOLUTE)

    Exec Addr    Load Addr    Size         Type   Attr      Idx    E Section Name        Object

    0x08000000   0x08000000   0x00000298   Data   RO            3    RESET               startup_stm32h743xx.o
    0x08000298   0x08000298   0x00000008   Code   RO        11943  * !!!main             c_w.l(__main.o)
    0x080002a0   0x080002a0   0x00000034   Code   RO        12259    !!!scatter          c_w.l(__scatter.o)
    0x080002d4   0x080002d4   0x0000001a   Code   RO        12261    !!handler_copy      c_w.l(__scatter_copy.o)
    0x080002ee   0x080002ee   0x00000002   PAD
    0x080002f0   0x080002f0   0x0000001c   Code   RO        12263    !!handler_zi        c_w.l(__scatter_zi.o)
    0x0800030c   0x0800030c   0x00000002   Code   RO        12183    .ARM.Collect$$libinit$$00000000  c_w.l(libinit.o)
    0x0800030e   0x0800030e   0x00000004   Code   RO        12054    .ARM.Collect$$libinit$$00000001  c_w.l(libinit2.o)
    0x08000312   0x08000312   0x00000000   Code   RO        12057    .ARM.Collect$$libinit$$00000004  c_w.l(libinit2.o)
    0x08000312   0x08000312   0x00000000   Code   RO        12060    .ARM.Collect$$libinit$$0000000A  c_w.l(libinit2.o)
    0x08000312   0x08000312   0x00000000   Code   RO        12062    .ARM.Collect$$libinit$$0000000C  c_w.l(libinit2.o)
    0x08000312   0x08000312   0x00000000   Code   RO        12064    .ARM.Collect$$libinit$$0000000E  c_w.l(libinit2.o)
    0x08000312   0x08000312   0x00000000   Code   RO        12067    .ARM.Collect$$libinit$$00000011  c_w.l(libinit2.o)
    0x08000312   0x08000312   0x00000000   Code   RO        12069    .ARM.Collect$$libinit$$00000013  c_w.l(libinit2.o)
    0x08000312   0x08000312   0x00000000   Code   RO        12071    .ARM.Collect$$libinit$$00000015  c_w.l(libinit2.o)
    0x08000312   0x08000312   0x00000000   Code   RO        12073    .ARM.Collect$$libinit$$00000017  c_w.l(libinit2.o)
    0x08000312   0x08000312   0x00000000   Code   RO        12075    .ARM.Collect$$libinit$$00000019  c_w.l(libinit2.o)
    0x08000312   0x08000312   0x00000000   Code   RO        12077    .ARM.Collect$$libinit$$0000001B  c_w.l(libinit2.o)
    0x08000312   0x08000312   0x00000000   Code   RO        12079    .ARM.Collect$$libinit$$0000001D  c_w.l(libinit2.o)
    0x08000312   0x08000312   0x00000000   Code   RO        12081    .ARM.Collect$$libinit$$0000001F  c_w.l(libinit2.o)
    0x08000312   0x08000312   0x00000000   Code   RO        12083    .ARM.Collect$$libinit$$00000021  c_w.l(libinit2.o)
    0x08000312   0x08000312   0x00000000   Code   RO        12085    .ARM.Collect$$libinit$$00000023  c_w.l(libinit2.o)
    0x08000312   0x08000312   0x00000000   Code   RO        12087    .ARM.Collect$$libinit$$00000025  c_w.l(libinit2.o)
    0x08000312   0x08000312   0x00000000   Code   RO        12091    .ARM.Collect$$libinit$$0000002C  c_w.l(libinit2.o)
    0x08000312   0x08000312   0x00000000   Code   RO        12093    .ARM.Collect$$libinit$$0000002E  c_w.l(libinit2.o)
    0x08000312   0x08000312   0x00000000   Code   RO        12095    .ARM.Collect$$libinit$$00000030  c_w.l(libinit2.o)
    0x08000312   0x08000312   0x00000004   Code   RO        12096    .ARM.Collect$$libinit$$00000031  c_w.l(libinit2.o)
    0x08000316   0x08000316   0x00000000   Code   RO        12097    .ARM.Collect$$libinit$$00000032  c_w.l(libinit2.o)
    0x08000316   0x08000316   0x00000002   Code   RO        12098    .ARM.Collect$$libinit$$00000033  c_w.l(libinit2.o)
    0x08000318   0x08000318   0x00000002   Code   RO        12224    .ARM.Collect$$libshutdown$$00000000  c_w.l(libshutdown.o)
    0x0800031a   0x0800031a   0x00000000   Code   RO        12240    .ARM.Collect$$libshutdown$$00000002  c_w.l(libshutdown2.o)
    0x0800031a   0x0800031a   0x00000000   Code   RO        12242    .ARM.Collect$$libshutdown$$00000004  c_w.l(libshutdown2.o)
    0x0800031a   0x0800031a   0x00000000   Code   RO        12244    .ARM.Collect$$libshutdown$$00000006  c_w.l(libshutdown2.o)
    0x0800031a   0x0800031a   0x00000000   Code   RO        12247    .ARM.Collect$$libshutdown$$00000009  c_w.l(libshutdown2.o)
    0x0800031a   0x0800031a   0x00000000   Code   RO        12250    .ARM.Collect$$libshutdown$$0000000C  c_w.l(libshutdown2.o)
    0x0800031a   0x0800031a   0x00000000   Code   RO        12252    .ARM.Collect$$libshutdown$$0000000E  c_w.l(libshutdown2.o)
    0x0800031a   0x0800031a   0x00000000   Code   RO        12255    .ARM.Collect$$libshutdown$$00000011  c_w.l(libshutdown2.o)
    0x0800031a   0x0800031a   0x00000002   Code   RO        12256    .ARM.Collect$$libshutdown$$00000012  c_w.l(libshutdown2.o)
    0x0800031c   0x0800031c   0x00000000   Code   RO        12047    .ARM.Collect$$rtentry$$00000000  c_w.l(__rtentry.o)
    0x0800031c   0x0800031c   0x00000000   Code   RO        12138    .ARM.Collect$$rtentry$$00000002  c_w.l(__rtentry2.o)
    0x0800031c   0x0800031c   0x00000006   Code   RO        12150    .ARM.Collect$$rtentry$$00000004  c_w.l(__rtentry4.o)
    0x08000322   0x08000322   0x00000000   Code   RO        12140    .ARM.Collect$$rtentry$$00000009  c_w.l(__rtentry2.o)
    0x08000322   0x08000322   0x00000004   Code   RO        12141    .ARM.Collect$$rtentry$$0000000A  c_w.l(__rtentry2.o)
    0x08000326   0x08000326   0x00000000   Code   RO        12143    .ARM.Collect$$rtentry$$0000000C  c_w.l(__rtentry2.o)
    0x08000326   0x08000326   0x00000008   Code   RO        12144    .ARM.Collect$$rtentry$$0000000D  c_w.l(__rtentry2.o)
    0x0800032e   0x0800032e   0x00000002   Code   RO        12186    .ARM.Collect$$rtexit$$00000000  c_w.l(rtexit.o)
    0x08000330   0x08000330   0x00000000   Code   RO        12206    .ARM.Collect$$rtexit$$00000002  c_w.l(rtexit2.o)
    0x08000330   0x08000330   0x00000004   Code   RO        12207    .ARM.Collect$$rtexit$$00000003  c_w.l(rtexit2.o)
    0x08000334   0x08000334   0x00000006   Code   RO        12208    .ARM.Collect$$rtexit$$00000004  c_w.l(rtexit2.o)
    0x0800033a   0x0800033a   0x00000002   PAD
    0x0800033c   0x0800033c   0x00000040   Code   RO            4    .text               startup_stm32h743xx.o
    0x0800037c   0x0800037c   0x000000ee   Code   RO        11927    .text               c_w.l(lludivv7m.o)
    0x0800046a   0x0800046a   0x00000064   Code   RO        11935    .text               c_w.l(rt_memcpy_w.o)
    0x080004ce   0x080004ce   0x0000004e   Code   RO        11939    .text               c_w.l(rt_memclr_w.o)
    0x0800051c   0x0800051c   0x00000006   Code   RO        11941    .text               c_w.l(heapauxi.o)
    0x08000522   0x08000522   0x00000002   PAD
    0x08000524   0x08000524   0x00000024   Code   RO        11948    .text               c_w.l(init_aeabi.o)
    0x08000548   0x08000548   0x00000008   Code   RO        12163    .text               c_w.l(libspace.o)
    0x08000550   0x08000550   0x0000004a   Code   RO        12166    .text               c_w.l(sys_stackheap_outer.o)
    0x0800059a   0x0800059a   0x00000012   Code   RO        12168    .text               c_w.l(exit.o)
    0x080005ac   0x080005ac   0x0000000c   Code   RO        12200    .text               c_w.l(sys_exit.o)
    0x080005b8   0x080005b8   0x00000002   Code   RO        12202    .text               c_w.l(use_no_semi.o)
    0x080005ba   0x080005ba   0x00000000   Code   RO        12204    .text               c_w.l(indicate_semi.o)
    0x080005ba   0x080005ba   0x00000002   Code   RO          560    i.BusFault_Handler  stm32h7xx_it.o
    0x080005bc   0x080005bc   0x0000000c   Code   RO          561    i.DMA1_Stream0_IRQHandler  stm32h7xx_it.o
    0x080005c8   0x080005c8   0x00000002   Code   RO          562    i.DebugMon_Handler  stm32h7xx_it.o
    0x080005ca   0x080005ca   0x00000004   Code   RO           13    i.Error_Handler     main.o
    0x080005ce   0x080005ce   0x00000002   Code   RO         6383    i.Get_IMU_Data      imu.o
    0x080005d0   0x080005d0   0x00000360   Code   RO         1617    i.HAL_DMA_Abort     stm32h7xx_hal_dma.o
    0x08000930   0x08000930   0x0000026c   Code   RO         1618    i.HAL_DMA_Abort_IT  stm32h7xx_hal_dma.o
    0x08000b9c   0x08000b9c   0x000006f4   Code   RO         1622    i.HAL_DMA_IRQHandler  stm32h7xx_hal_dma.o
    0x08001290   0x08001290   0x000003b0   Code   RO         1623    i.HAL_DMA_Init      stm32h7xx_hal_dma.o
    0x08001640   0x08001640   0x000002b4   Code   RO         1627    i.HAL_DMA_Start_IT  stm32h7xx_hal_dma.o
    0x080018f4   0x080018f4   0x000001dc   Code   RO         1451    i.HAL_GPIO_Init     stm32h7xx_hal_gpio.o
    0x08001ad0   0x08001ad0   0x0000000a   Code   RO         1455    i.HAL_GPIO_WritePin  stm32h7xx_hal_gpio.o
    0x08001ada   0x08001ada   0x00000002   PAD
    0x08001adc   0x08001adc   0x0000000c   Code   RO         2446    i.HAL_GetREVID      stm32h7xx_hal.o
    0x08001ae8   0x08001ae8   0x0000000c   Code   RO         2447    i.HAL_GetTick       stm32h7xx_hal.o
    0x08001af4   0x08001af4   0x00000056   Code   RO         3341    i.HAL_I2CEx_ConfigAnalogFilter  stm32h7xx_hal_i2c_ex.o
    0x08001b4a   0x08001b4a   0x00000052   Code   RO         3342    i.HAL_I2CEx_ConfigDigitalFilter  stm32h7xx_hal_i2c_ex.o
    0x08001b9c   0x08001b9c   0x000000bc   Code   RO         2799    i.HAL_I2C_Init      stm32h7xx_hal_i2c.o
    0x08001c58   0x08001c58   0x00000088   Code   RO          355    i.HAL_I2C_MspInit   i2c.o
    0x08001ce0   0x08001ce0   0x00000010   Code   RO         2453    i.HAL_IncTick       stm32h7xx_hal.o
    0x08001cf0   0x08001cf0   0x0000005c   Code   RO         2454    i.HAL_Init          stm32h7xx_hal.o
    0x08001d4c   0x08001d4c   0x00000040   Code   RO         2455    i.HAL_InitTick      stm32h7xx_hal.o
    0x08001d8c   0x08001d8c   0x0000001c   Code   RO          683    i.HAL_MspInit       stm32h7xx_hal_msp.o
    0x08001da8   0x08001da8   0x0000001a   Code   RO          719    i.HAL_NVIC_EnableIRQ  stm32h7xx_hal_cortex.o
    0x08001dc2   0x08001dc2   0x00000002   PAD
    0x08001dc4   0x08001dc4   0x00000040   Code   RO          725    i.HAL_NVIC_SetPriority  stm32h7xx_hal_cortex.o
    0x08001e04   0x08001e04   0x00000024   Code   RO          726    i.HAL_NVIC_SetPriorityGrouping  stm32h7xx_hal_cortex.o
    0x08001e28   0x08001e28   0x00000050   Code   RO         2135    i.HAL_PWREx_ConfigSupply  stm32h7xx_hal_pwr_ex.o
    0x08001e78   0x08001e78   0x00000024   Code   RO         1016    i.HAL_RCCEx_GetD3PCLK1Freq  stm32h7xx_hal_rcc_ex.o
    0x08001e9c   0x08001e9c   0x0000013c   Code   RO         1018    i.HAL_RCCEx_GetPLL2ClockFreq  stm32h7xx_hal_rcc_ex.o
    0x08001fd8   0x08001fd8   0x0000013c   Code   RO         1019    i.HAL_RCCEx_GetPLL3ClockFreq  stm32h7xx_hal_rcc_ex.o
    0x08002114   0x08002114   0x000009a8   Code   RO         1025    i.HAL_RCCEx_PeriphCLKConfig  stm32h7xx_hal_rcc_ex.o
    0x08002abc   0x08002abc   0x00000270   Code   RO          887    i.HAL_RCC_ClockConfig  stm32h7xx_hal_rcc.o
    0x08002d2c   0x08002d2c   0x00000044   Code   RO          892    i.HAL_RCC_GetHCLKFreq  stm32h7xx_hal_rcc.o
    0x08002d70   0x08002d70   0x00000024   Code   RO          894    i.HAL_RCC_GetPCLK1Freq  stm32h7xx_hal_rcc.o
    0x08002d94   0x08002d94   0x00000024   Code   RO          895    i.HAL_RCC_GetPCLK2Freq  stm32h7xx_hal_rcc.o
    0x08002db8   0x08002db8   0x00000130   Code   RO          896    i.HAL_RCC_GetSysClockFreq  stm32h7xx_hal_rcc.o
    0x08002ee8   0x08002ee8   0x0000056e   Code   RO          899    i.HAL_RCC_OscConfig  stm32h7xx_hal_rcc.o
    0x08003456   0x08003456   0x00000002   PAD
    0x08003458   0x08003458   0x00000170   Code   RO         3493    i.HAL_SPI_Init      stm32h7xx_hal_spi.o
    0x080035c8   0x080035c8   0x000000b4   Code   RO          403    i.HAL_SPI_MspInit   spi.o
    0x0800367c   0x0800367c   0x00000028   Code   RO          730    i.HAL_SYSTICK_Config  stm32h7xx_hal_cortex.o
    0x080036a4   0x080036a4   0x00000002   Code   RO         4698    i.HAL_TIMEx_Break2Callback  stm32h7xx_hal_tim_ex.o
    0x080036a6   0x080036a6   0x00000002   Code   RO         4699    i.HAL_TIMEx_BreakCallback  stm32h7xx_hal_tim_ex.o
    0x080036a8   0x080036a8   0x00000002   Code   RO         4700    i.HAL_TIMEx_CommutCallback  stm32h7xx_hal_tim_ex.o
    0x080036aa   0x080036aa   0x00000002   PAD
    0x080036ac   0x080036ac   0x000000a4   Code   RO         4720    i.HAL_TIMEx_MasterConfigSynchronization  stm32h7xx_hal_tim_ex.o
    0x08003750   0x08003750   0x00000062   Code   RO         3865    i.HAL_TIM_Base_Init  stm32h7xx_hal_tim.o
    0x080037b2   0x080037b2   0x00000002   PAD
    0x080037b4   0x080037b4   0x00000060   Code   RO          451    i.HAL_TIM_Base_MspInit  tim.o
    0x08003814   0x08003814   0x0000008c   Code   RO         3870    i.HAL_TIM_Base_Start_IT  stm32h7xx_hal_tim.o
    0x080038a0   0x080038a0   0x000000fc   Code   RO         3874    i.HAL_TIM_ConfigClockSource  stm32h7xx_hal_tim.o
    0x0800399c   0x0800399c   0x00000002   Code   RO         3899    i.HAL_TIM_IC_CaptureCallback  stm32h7xx_hal_tim.o
    0x0800399e   0x0800399e   0x0000014a   Code   RO         3913    i.HAL_TIM_IRQHandler  stm32h7xx_hal_tim.o
    0x08003ae8   0x08003ae8   0x00000002   Code   RO         3916    i.HAL_TIM_OC_DelayElapsedCallback  stm32h7xx_hal_tim.o
    0x08003aea   0x08003aea   0x00000002   Code   RO         3943    i.HAL_TIM_PWM_PulseFinishedCallback  stm32h7xx_hal_tim.o
    0x08003aec   0x08003aec   0x00000034   Code   RO           14    i.HAL_TIM_PeriodElapsedCallback  main.o
    0x08003b20   0x08003b20   0x00000002   Code   RO         3956    i.HAL_TIM_TriggerCallback  stm32h7xx_hal_tim.o
    0x08003b22   0x08003b22   0x0000003e   Code   RO         5524    i.HAL_UARTEx_DisableFifoMode  stm32h7xx_hal_uart_ex.o
    0x08003b60   0x08003b60   0x00000052   Code   RO         5530    i.HAL_UARTEx_ReceiveToIdle_DMA  stm32h7xx_hal_uart_ex.o
    0x08003bb2   0x08003bb2   0x00000002   PAD
    0x08003bb4   0x08003bb4   0x0000002c   Code   RO         5912    i.HAL_UARTEx_RxEventCallback  callback_uart.o
    0x08003be0   0x08003be0   0x00000002   Code   RO         5532    i.HAL_UARTEx_RxFifoFullCallback  stm32h7xx_hal_uart_ex.o
    0x08003be2   0x08003be2   0x0000004c   Code   RO         5533    i.HAL_UARTEx_SetRxFifoThreshold  stm32h7xx_hal_uart_ex.o
    0x08003c2e   0x08003c2e   0x0000004c   Code   RO         5534    i.HAL_UARTEx_SetTxFifoThreshold  stm32h7xx_hal_uart_ex.o
    0x08003c7a   0x08003c7a   0x00000002   Code   RO         5536    i.HAL_UARTEx_TxFifoEmptyCallback  stm32h7xx_hal_uart_ex.o
    0x08003c7c   0x08003c7c   0x00000002   Code   RO         5537    i.HAL_UARTEx_WakeupCallback  stm32h7xx_hal_uart_ex.o
    0x08003c7e   0x08003c7e   0x00000002   PAD
    0x08003c80   0x08003c80   0x00000020   Code   RO         5913    i.HAL_UART_ErrorCallback  callback_uart.o
    0x08003ca0   0x08003ca0   0x00000384   Code   RO         5063    i.HAL_UART_IRQHandler  stm32h7xx_hal_uart.o
    0x08004024   0x08004024   0x0000006a   Code   RO         5064    i.HAL_UART_Init     stm32h7xx_hal_uart.o
    0x0800408e   0x0800408e   0x00000002   PAD
    0x08004090   0x08004090   0x0000013c   Code   RO          506    i.HAL_UART_MspInit  usart.o
    0x080041cc   0x080041cc   0x00000048   Code   RO         5069    i.HAL_UART_Receive_IT  stm32h7xx_hal_uart.o
    0x08004214   0x08004214   0x00000030   Code   RO         5914    i.HAL_UART_RxCpltCallback  callback_uart.o
    0x08004244   0x08004244   0x00000002   Code   RO         5072    i.HAL_UART_RxHalfCpltCallback  stm32h7xx_hal_uart.o
    0x08004246   0x08004246   0x00000002   Code   RO         5076    i.HAL_UART_TxCpltCallback  stm32h7xx_hal_uart.o
    0x08004248   0x08004248   0x00000002   Code   RO          563    i.HardFault_Handler  stm32h7xx_it.o
    0x0800424a   0x0800424a   0x00000002   PAD
    0x0800424c   0x0800424c   0x00000030   Code   RO         6384    i.IMU_Init          imu.o
    0x0800427c   0x0800427c   0x00000028   Code   RO         6385    i.IMU_hook          imu.o
    0x080042a4   0x080042a4   0x00000070   Code   RO         6386    i.IMU_uart_callback  imu.o
    0x08004314   0x08004314   0x00000018   Code   RO         5698    i.INS_Init          ins.o
    0x0800432c   0x0800432c   0x000003f4   Code   RO         5699    i.INS_region_cal    ins.o
    0x08004720   0x08004720   0x0000002c   Code   RO          326    i.MX_DMA_Init       dma.o
    0x0800474c   0x0800474c   0x0000010c   Code   RO          298    i.MX_GPIO_Init      gpio.o
    0x08004858   0x08004858   0x00000058   Code   RO          356    i.MX_I2C2_Init      i2c.o
    0x080048b0   0x080048b0   0x00000060   Code   RO          404    i.MX_SPI3_Init      spi.o
    0x08004910   0x08004910   0x00000068   Code   RO          452    i.MX_TIM2_Init      tim.o
    0x08004978   0x08004978   0x00000068   Code   RO          453    i.MX_TIM3_Init      tim.o
    0x080049e0   0x080049e0   0x00000068   Code   RO          507    i.MX_USART1_UART_Init  usart.o
    0x08004a48   0x08004a48   0x00000068   Code   RO          508    i.MX_USART2_UART_Init  usart.o
    0x08004ab0   0x08004ab0   0x00000002   Code   RO          564    i.MemManage_Handler  stm32h7xx_it.o
    0x08004ab2   0x08004ab2   0x00000002   Code   RO          565    i.NMI_Handler       stm32h7xx_it.o
    0x08004ab4   0x08004ab4   0x00000026   Code   RO         6251    i.OLED_Clear        oled.o
    0x08004ada   0x08004ada   0x000000ac   Code   RO         6252    i.OLED_Init         oled.o
    0x08004b86   0x08004b86   0x00000002   Code   RO          566    i.PendSV_Handler    stm32h7xx_it.o
    0x08004b88   0x08004b88   0x00000002   Code   RO          567    i.SVC_Handler       stm32h7xx_it.o
    0x08004b8a   0x08004b8a   0x00000004   Code   RO          568    i.SysTick_Handler   stm32h7xx_it.o
    0x08004b8e   0x08004b8e   0x00000002   PAD
    0x08004b90   0x08004b90   0x000000dc   Code   RO         5660    i.SystemInit        system_stm32h7xx.o
    0x08004c6c   0x08004c6c   0x0000000c   Code   RO          569    i.TIM2_IRQHandler   stm32h7xx_it.o
    0x08004c78   0x08004c78   0x0000000c   Code   RO          570    i.TIM3_IRQHandler   stm32h7xx_it.o
    0x08004c84   0x08004c84   0x000000d0   Code   RO         3958    i.TIM_Base_SetConfig  stm32h7xx_hal_tim.o
    0x08004d54   0x08004d54   0x00000014   Code   RO         3964    i.TIM_ETR_SetConfig  stm32h7xx_hal_tim.o
    0x08004d68   0x08004d68   0x000000c8   Code   RO         5078    i.UART_AdvFeatureConfig  stm32h7xx_hal_uart.o
    0x08004e30   0x08004e30   0x000000ac   Code   RO         5079    i.UART_CheckIdleState  stm32h7xx_hal_uart.o
    0x08004edc   0x08004edc   0x0000039c   Code   RO         5080    i.UART_SetConfig    stm32h7xx_hal_uart.o
    0x08005278   0x08005278   0x000000ac   Code   RO         5081    i.UART_Start_Receive_DMA  stm32h7xx_hal_uart.o
    0x08005324   0x08005324   0x00000110   Code   RO         5082    i.UART_Start_Receive_IT  stm32h7xx_hal_uart.o
    0x08005434   0x08005434   0x00000092   Code   RO         5083    i.UART_WaitOnFlagUntilTimeout  stm32h7xx_hal_uart.o
    0x080054c6   0x080054c6   0x00000002   PAD
    0x080054c8   0x080054c8   0x0000000c   Code   RO          571    i.USART1_IRQHandler  stm32h7xx_it.o
    0x080054d4   0x080054d4   0x0000000c   Code   RO          572    i.USART2_IRQHandler  stm32h7xx_it.o
    0x080054e0   0x080054e0   0x00000002   Code   RO          573    i.UsageFault_Handler  stm32h7xx_it.o
    0x080054e2   0x080054e2   0x00000002   PAD
    0x080054e4   0x080054e4   0x00000020   Code   RO         6259    i._Z13OLED_I2C_Initv  oled.o
    0x08005504   0x08005504   0x0000002c   Code   RO         6260    i._Z13OLED_I2C_Stopv  oled.o
    0x08005530   0x08005530   0x00000034   Code   RO         6261    i._Z14OLED_I2C_Startv  oled.o
    0x08005564   0x08005564   0x00000022   Code   RO         6262    i._Z14OLED_SetCursorhh  oled.o
    0x08005586   0x08005586   0x00000022   Code   RO         6263    i._Z14OLED_WriteDatah  oled.o
    0x080055a8   0x080055a8   0x00000054   Code   RO         6264    i._Z17OLED_I2C_SendByteh  oled.o
    0x080055fc   0x080055fc   0x00000022   Code   RO         6265    i._Z17OLED_WriteCommandh  oled.o
    0x0800561e   0x0800561e   0x00000002   PAD
    0x08005620   0x08005620   0x000000a4   Code   RO           15    i._Z18SystemClock_Configv  main.o
    0x080056c4   0x080056c4   0x0000003e   Code   RO         5954    i._Z26UWB_Modbus_data_processingP5UWB_t  uwb.o
    0x08005702   0x08005702   0x00000002   PAD
    0x08005704   0x08005704   0x00000084   Code   RO         6387    i._ZN26_INTERNAL_5_imu_c_77d3c91612IMU_ACC_hookEPj  imu.o
    0x08005788   0x08005788   0x00000070   Code   RO         6388    i._ZN26_INTERNAL_5_imu_c_77d3c91614IMU_ANGLE_hookEPj  imu.o
    0x080057f8   0x080057f8   0x00000074   Code   RO         6389    i._ZN26_INTERNAL_5_imu_c_77d3c91619IMU_Quaternion_hookEPj  imu.o
    0x0800586c   0x0800586c   0x00000220   Code   RO         1629    i._ZN41_INTERNAL_19_stm32h7xx_hal_dma_c_c25f65ec13DMA_SetConfigEP19__DMA_HandleTypeDefjjj  stm32h7xx_hal_dma.o
    0x08005a8c   0x08005a8c   0x00000054   Code   RO         1630    i._ZN41_INTERNAL_19_stm32h7xx_hal_dma_c_c25f65ec18DMA_CheckFifoParamEP19__DMA_HandleTypeDef  stm32h7xx_hal_dma.o
    0x08005ae0   0x08005ae0   0x000000b8   Code   RO         1631    i._ZN41_INTERNAL_19_stm32h7xx_hal_dma_c_c25f65ec23DMA_CalcBaseAndBitshiftEP19__DMA_HandleTypeDef  stm32h7xx_hal_dma.o
    0x08005b98   0x08005b98   0x000000a0   Code   RO         1632    i._ZN41_INTERNAL_19_stm32h7xx_hal_dma_c_c25f65ec32DMA_CalcDMAMUXChannelBaseAndMaskEP19__DMA_HandleTypeDef  stm32h7xx_hal_dma.o
    0x08005c38   0x08005c38   0x0000007c   Code   RO         1633    i._ZN41_INTERNAL_19_stm32h7xx_hal_dma_c_c25f65ec35DMA_CalcDMAMUXRequestGenBaseAndMaskEP19__DMA_HandleTypeDef  stm32h7xx_hal_dma.o
    0x08005cb4   0x08005cb4   0x00000014   Code   RO         3974    i._ZN41_INTERNAL_19_stm32h7xx_hal_tim_c_a9d95b5218TIM_ITRx_SetConfigEP11TIM_TypeDefj  stm32h7xx_hal_tim.o
    0x08005cc8   0x08005cc8   0x00000022   Code   RO         3979    i._ZN41_INTERNAL_19_stm32h7xx_hal_tim_c_a9d95b5224TIM_TI1_ConfigInputStageEP11TIM_TypeDefjj  stm32h7xx_hal_tim.o
    0x08005cea   0x08005cea   0x00000024   Code   RO         3980    i._ZN41_INTERNAL_19_stm32h7xx_hal_tim_c_a9d95b5224TIM_TI2_ConfigInputStageEP11TIM_TypeDefjj  stm32h7xx_hal_tim.o
    0x08005d0e   0x08005d0e   0x00000050   Code   RO         5084    i._ZN42_INTERNAL_20_stm32h7xx_hal_uart_c_574fddf513UART_DMAErrorEP19__DMA_HandleTypeDef  stm32h7xx_hal_uart.o
    0x08005d5e   0x08005d5e   0x00000002   PAD
    0x08005d60   0x08005d60   0x000000c8   Code   RO         5085    i._ZN42_INTERNAL_20_stm32h7xx_hal_uart_c_574fddf515UART_RxISR_8BITEP20__UART_HandleTypeDef  stm32h7xx_hal_uart.o
    0x08005e28   0x08005e28   0x000000c8   Code   RO         5087    i._ZN42_INTERNAL_20_stm32h7xx_hal_uart_c_574fddf516UART_RxISR_16BITEP20__UART_HandleTypeDef  stm32h7xx_hal_uart.o
    0x08005ef0   0x08005ef0   0x00000020   Code   RO         5089    i._ZN42_INTERNAL_20_stm32h7xx_hal_uart_c_574fddf518UART_DMARxHalfCpltEP19__DMA_HandleTypeDef  stm32h7xx_hal_uart.o
    0x08005f10   0x08005f10   0x00000054   Code   RO         5091    i._ZN42_INTERNAL_20_stm32h7xx_hal_uart_c_574fddf518UART_EndRxTransferEP20__UART_HandleTypeDef  stm32h7xx_hal_uart.o
    0x08005f64   0x08005f64   0x0000002e   Code   RO         5092    i._ZN42_INTERNAL_20_stm32h7xx_hal_uart_c_574fddf518UART_EndTxTransferEP20__UART_HandleTypeDef  stm32h7xx_hal_uart.o
    0x08005f92   0x08005f92   0x00000084   Code   RO         5093    i._ZN42_INTERNAL_20_stm32h7xx_hal_uart_c_574fddf519UART_DMAReceiveCpltEP19__DMA_HandleTypeDef  stm32h7xx_hal_uart.o
    0x08006016   0x08006016   0x00000014   Code   RO         5094    i._ZN42_INTERNAL_20_stm32h7xx_hal_uart_c_574fddf520UART_DMAAbortOnErrorEP19__DMA_HandleTypeDef  stm32h7xx_hal_uart.o
    0x0800602a   0x0800602a   0x00000002   PAD
    0x0800602c   0x0800602c   0x0000019c   Code   RO         5096    i._ZN42_INTERNAL_20_stm32h7xx_hal_uart_c_574fddf522UART_RxISR_8BIT_FIFOENEP20__UART_HandleTypeDef  stm32h7xx_hal_uart.o
    0x080061c8   0x080061c8   0x0000019c   Code   RO         5100    i._ZN42_INTERNAL_20_stm32h7xx_hal_uart_c_574fddf523UART_RxISR_16BIT_FIFOENEP20__UART_HandleTypeDef  stm32h7xx_hal_uart.o
    0x08006364   0x08006364   0x00000020   Code   RO          732    i._ZN44_INTERNAL_22_stm32h7xx_hal_cortex_c_2992dbc018__NVIC_SetPriorityE9IRQn_Typej  stm32h7xx_hal_cortex.o
    0x08006384   0x08006384   0x00000114   Code   RO         1028    i._ZN44_INTERNAL_22_stm32h7xx_hal_rcc_ex_c_bed13b4417RCCEx_PLL2_ConfigEP19RCC_PLL2InitTypeDefj  stm32h7xx_hal_rcc_ex.o
    0x08006498   0x08006498   0x00000114   Code   RO         1029    i._ZN44_INTERNAL_22_stm32h7xx_hal_rcc_ex_c_bed13b4417RCCEx_PLL3_ConfigEP19RCC_PLL3InitTypeDefj  stm32h7xx_hal_rcc_ex.o
    0x080065ac   0x080065ac   0x00000044   Code   RO         5538    i._ZN45_INTERNAL_23_stm32h7xx_hal_uart_ex_c_83a37df425UARTEx_SetNbDataToProcessEP20__UART_HandleTypeDef  stm32h7xx_hal_uart_ex.o
    0x080065f0   0x080065f0   0x0000001c   Code   RO         5779    i._ZN7Vector3C1Ev   ins.o
    0x0800660c   0x0800660c   0x0000002a   Code   RO         5995    i._ZN8vector3f5crossE7MatrixfILi3ELi3EES0_ILi3ELi1EE  matrix.o
    0x08006636   0x08006636   0x00000040   Code   RO         5705    i._ZmlRK7Vector3f   ins.o
    0x08006676   0x08006676   0x00000026   Code   RO         5706    i._ZplRK7Vector3S1_  ins.o
    0x0800669c   0x0800669c   0x00000070   Code   RO         5707    i.__sti___7_INS_cpp_Gg_acc  ins.o
    0x0800670c   0x0800670c   0x00000008   Code   RO         9450    i.arm_mat_init_f32  matrixfunctions.o
    0x08006714   0x08006714   0x00000070   Code   RO         9457    i.arm_mat_mult_f32  matrixfunctions.o
    0x08006784   0x08006784   0x0000002a   Code   RO         9471    i.arm_mat_sub_f32   matrixfunctions.o
    0x080067ae   0x080067ae   0x00000002   PAD
    0x080067b0   0x080067b0   0x00000064   Code   RO           16    i.main              main.o
    0x08006814   0x08006814   0x00000016   Code   RO         5797    t._ZN7MatrixfILi3ELi1EEC1EPf  ins.o
    0x0800682a   0x0800682a   0x0000001e   Code   RO         5785    t._ZN7MatrixfILi3ELi1EEC1Ev  ins.o
    0x08006848   0x08006848   0x0000001c   Code   RO         5791    t._ZN7MatrixfILi3ELi3EEC1Ev  ins.o
    0x08006864   0x08006864   0x0000000a   Code   RO        12161    x$fpl$fpinit        fz_wv.l(fpinit.o)
    0x0800686e   0x0800686e   0x00000008   Data   RO         1651    .constdata          stm32h7xx_hal_dma.o
    0x08006876   0x08006876   0x00000018   Data   RO         5173    .constdata          stm32h7xx_hal_uart.o
    0x0800688e   0x0800688e   0x00000010   Data   RO         5556    .constdata          stm32h7xx_hal_uart_ex.o
    0x0800689e   0x0800689e   0x00000010   Data   RO         5663    .constdata          system_stm32h7xx.o
    0x080068ae   0x080068ae   0x00000002   PAD
    0x080068b0   0x080068b0   0x00000020   Data   RO        12257    Region$$Table       anon$$obj.o
    0x080068d0   0x080068d0   0x00000004   Data   RO         5720    .init_array         ins.o
    0x080068d4   0x080068d0   0x00000000   Data   RO        11946    .init_array         c_w.l(init_aeabi.o)


    Execution Region RW_IRAM1 (Exec base: 0x20000000, Load base: 0x080068d4, Size: 0x00000000, Max: 0x00020000, ABSOLUTE)

    **** No section assigned to this execution region ****


    Execution Region RW_IRAM2 (Exec base: 0x24000000, Load base: 0x080068d4, Size: 0x00000d40, Max: 0x00080000, ABSOLUTE)

    Exec Addr    Load Addr    Size         Type   Attr      Idx    E Section Name        Object

    0x24000000   0x080068d4   0x00000001   Data   RW           21    .data               main.o
    0x24000001   0x080068d5   0x00000003   PAD
    0x24000004   0x080068d8   0x0000000c   Data   RW         2524    .data               stm32h7xx_hal.o
    0x24000010   0x080068e4   0x00000008   Data   RW         5664    .data               system_stm32h7xx.o
    0x24000018   0x080068ec   0x00000010   Data   RW         5719    .data               ins.o
    0x24000028   0x080068fc   0x00000010   Data   RW         6398    .data               imu.o
    0x24000038        -       0x00000054   Zero   RW          360    .bss                i2c.o
    0x2400008c        -       0x00000088   Zero   RW          408    .bss                spi.o
    0x24000114        -       0x00000098   Zero   RW          458    .bss                tim.o
    0x240001ac        -       0x000001a0   Zero   RW          513    .bss                usart.o
    0x2400034c   0x0800690c   0x00000004   PAD
    0x24000350        -       0x000000f8   Zero   RW         5718    .bss                ins.o
    0x24000448        -       0x00000106   Zero   RW         5958    .bss                uwb.o
    0x2400054e   0x0800690c   0x00000002   PAD
    0x24000550        -       0x00000180   Zero   RW         6397    .bss                imu.o
    0x240006d0        -       0x00000060   Zero   RW        12164    .bss                c_w.l(libspace.o)
    0x24000730        -       0x0000000c   Zero   RW         5803    .bss__ZZN7MatrixfILi3ELi1EE17getData_to_vectorER7Vector3E4temp  ins.o
    0x2400073c   0x0800690c   0x00000004   PAD
    0x24000740        -       0x00000200   Zero   RW            2    HEAP                startup_stm32h743xx.o
    0x24000940        -       0x00000400   Zero   RW            1    STACK               startup_stm32h743xx.o


==============================================================================

Image component sizes


      Code (inc. data)   RO Data    RW Data    ZI Data      Debug   Object Name

       124         40          0          0          0       2432   callback_uart.o
         0          0          0          0          0       2772   commontables.o
        44          4          0          0          0        942   dma.o
       268         22          0          0          0       1235   gpio.o
       224         26          0          0         84       1937   i2c.o
       562         56          0         16        384       5987   imu.o
      1358         80          4         16        260      13575   ins.o
       320         44          0          1          0    1317621   main.o
        42          0          0          0          0       7620   matrix.o
       162          6          0          0          0       4936   matrixfunctions.o
       524         20          0          0          0       6239   oled.o
       276         22          0          0        136       1973   spi.o
        64         26        664          0       1536        844   startup_stm32h743xx.o
       196         40          0         12          0      22828   stm32h7xx_hal.o
       198         14          0          0          0      39515   stm32h7xx_hal_cortex.o
      5996        148          8          0          0      11850   stm32h7xx_hal_dma.o
       486         50          0          0          0       2424   stm32h7xx_hal_gpio.o
       188          4          0          0          0       3411   stm32h7xx_hal_i2c.o
       168          0          0          0          0       2079   stm32h7xx_hal_i2c_ex.o
        28          6          0          0          0        982   stm32h7xx_hal_msp.o
        80          4          0          0          0        789   stm32h7xx_hal_pwr_ex.o
      2458        126          0          0          0       7396   stm32h7xx_hal_rcc.o
      3692        132          0          0          0       8113   stm32h7xx_hal_rcc_ex.o
       368         12          0          0          0       1747   stm32h7xx_hal_spi.o
      1146         84          0          0          0      10849   stm32h7xx_hal_tim.o
       170         28          0          0          0       3420   stm32h7xx_hal_tim_ex.o
      4586        198         24          0          0      39563   stm32h7xx_hal_uart.o
       370          6         16          0          0       6529   stm32h7xx_hal_uart_ex.o
        80         30          0          0          0       6492   stm32h7xx_it.o
       220         40         16          8          0       1486   system_stm32h7xx.o
       304         24          0          0        152       2603   tim.o
       524         50          0          0        416       2934   usart.o
        62          0          0          0        262       1823   uwb.o

    ----------------------------------------------------------------------
     25322       1342        766         56       3240    1544946   Object Totals
         0          0         32          0          0          0   (incl. Generated)
        34          0          2          3         10          0   (incl. Padding)

    ----------------------------------------------------------------------

      Code (inc. data)   RO Data    RW Data    ZI Data      Debug   Library Member Name

         8          0          0          0          0         68   __main.o
         0          0          0          0          0          0   __rtentry.o
        12          0          0          0          0          0   __rtentry2.o
         6          0          0          0          0          0   __rtentry4.o
        52          8          0          0          0          0   __scatter.o
        26          0          0          0          0          0   __scatter_copy.o
        28          0          0          0          0          0   __scatter_zi.o
        18          0          0          0          0         80   exit.o
         6          0          0          0          0        152   heapauxi.o
         0          0          0          0          0          0   indicate_semi.o
        36         10          0          0          0         80   init_aeabi.o
         2          0          0          0          0          0   libinit.o
        10          0          0          0          0          0   libinit2.o
         2          0          0          0          0          0   libshutdown.o
         2          0          0          0          0          0   libshutdown2.o
         8          4          0          0         96         68   libspace.o
       238          0          0          0          0        100   lludivv7m.o
        78          0          0          0          0         80   rt_memclr_w.o
       100          0          0          0          0         80   rt_memcpy_w.o
         2          0          0          0          0          0   rtexit.o
        10          0          0          0          0          0   rtexit2.o
        12          4          0          0          0         68   sys_exit.o
        74          0          0          0          0         80   sys_stackheap_outer.o
         2          0          0          0          0         68   use_no_semi.o
        10          0          0          0          0        116   fpinit.o

    ----------------------------------------------------------------------
       748         26          0          0         96       1040   Library Totals
         6          0          0          0          0          0   (incl. Padding)

    ----------------------------------------------------------------------

      Code (inc. data)   RO Data    RW Data    ZI Data      Debug   Library Name

       732         26          0          0         96        924   c_w.l
        10          0          0          0          0        116   fz_wv.l

    ----------------------------------------------------------------------
       748         26          0          0         96       1040   Library Totals

    ----------------------------------------------------------------------

==============================================================================


      Code (inc. data)   RO Data    RW Data    ZI Data      Debug   

     26070       1368        766         56       3336    1531922   Grand Totals
     26070       1368        766         56       3336    1531922   ELF Image Totals
     26070       1368        766         56          0          0   ROM Totals

==============================================================================

    Total RO  Size (Code + RO Data)                26836 (  26.21kB)
    Total RW  Size (RW Data + ZI Data)              3392 (   3.31kB)
    Total ROM Size (Code + RO Data + RW Data)      26892 (  26.26kB)

==============================================================================

